........................................................[32m2026-07-25 04:24:37[0m | [34m[1mDEBUG   [0m | [36mlogging[0m:[36mcallHandlers[0m:[36m1737[0m - [34m[1mInitializing server 'cloud_deploy_mcp'[0m
[32m2026-07-25 04:24:37[0m | [34m[1mDEBUG   [0m | [36mlogging[0m:[36mcallHandlers[0m:[36m1737[0m - [34m[1mRegistering handler for ListToolsRequest[0m
[32m2026-07-25 04:24:37[0m | [34m[1mDEBUG   [0m | [36mlogging[0m:[36mcallHandlers[0m:[36m1737[0m - [34m[1mRegistering handler for CallToolRequest[0m
[32m2026-07-25 04:24:37[0m | [34m[1mDEBUG   [0m | [36mlogging[0m:[36mcallHandlers[0m:[36m1737[0m - [34m[1mRegistering handler for ListResourcesRequest[0m
[32m2026-07-25 04:24:37[0m | [34m[1mDEBUG   [0m | [36mlogging[0m:[36mcallHandlers[0m:[36m1737[0m - [34m[1mRegistering handler for ReadResourceRequest[0m
[32m2026-07-25 04:24:37[0m | [34m[1mDEBUG   [0m | [36mlogging[0m:[36mcallHandlers[0m:[36m1737[0m - [34m[1mRegistering handler for PromptListRequest[0m
[32m2026-07-25 04:24:37[0m | [34m[1mDEBUG   [0m | [36mlogging[0m:[36mcallHandlers[0m:[36m1737[0m - [34m[1mRegistering handler for GetPromptRequest[0m
[32m2026-07-25 04:24:37[0m | [34m[1mDEBUG   [0m | [36mlogging[0m:[36mcallHandlers[0m:[36m1737[0m - [34m[1mRegistering handler for ListResourceTemplatesRequest[0m
[32m2026-07-25 04:24:37[0m | [34m[1mDEBUG   [0m | [36mlogging[0m:[36mcallHandlers[0m:[36m1737[0m - [34m[1mInitializing server 'github_cicd_mcp'[0m
[32m2026-07-25 04:24:37[0m | [34m[1mDEBUG   [0m | [36mlogging[0m:[36mcallHandlers[0m:[36m1737[0m - [34m[1mRegistering handler for ListToolsRequest[0m
[32m2026-07-25 04:24:37[0m | [34m[1mDEBUG   [0m | [36mlogging[0m:[36mcallHandlers[0m:[36m1737[0m - [34m[1mRegistering handler for CallToolRequest[0m
[32m2026-07-25 04:24:37[0m | [34m[1mDEBUG   [0m | [36mlogging[0m:[36mcallHandlers[0m:[36m1737[0m - [34m[1mRegistering handler for ListResourcesRequest[0m
[32m2026-07-25 04:24:37[0m | [34m[1mDEBUG   [0m | [36mlogging[0m:[36mcallHandlers[0m:[36m1737[0m - [34m[1mRegistering handler for ReadResourceRequest[0m
[32m2026-07-25 04:24:37[0m | [34m[1mDEBUG   [0m | [36mlogging[0m:[36mcallHandlers[0m:[36m1737[0m - [34m[1mRegistering handler for PromptListRequest[0m
[32m2026-07-25 04:24:37[0m | [34m[1mDEBUG   [0m | [36mlogging[0m:[36mcallHandlers[0m:[36m1737[0m - [34m[1mRegistering handler for GetPromptRequest[0m
[32m2026-07-25 04:24:37[0m | [34m[1mDEBUG   [0m | [36mlogging[0m:[36mcallHandlers[0m:[36m1737[0m - [34m[1mRegistering handler for ListResourceTemplatesRequest[0m
[32m2026-07-25 04:24:37[0m | [34m[1mDEBUG   [0m | [36mlogging[0m:[36mcallHandlers[0m:[36m1737[0m - [34m[1mInitializing server 'supabase_mcp'[0m
[32m2026-07-25 04:24:37[0m | [34m[1mDEBUG   [0m | [36mlogging[0m:[36mcallHandlers[0m:[36m1737[0m - [34m[1mRegistering handler for ListToolsRequest[0m
[32m2026-07-25 04:24:37[0m | [34m[1mDEBUG   [0m | [36mlogging[0m:[36mcallHandlers[0m:[36m1737[0m - [34m[1mRegistering handler for CallToolRequest[0m
[32m2026-07-25 04:24:37[0m | [34m[1mDEBUG   [0m | [36mlogging[0m:[36mcallHandlers[0m:[36m1737[0m - [34m[1mRegistering handler for ListResourcesRequest[0m
[32m2026-07-25 04:24:37[0m | [34m[1mDEBUG   [0m | [36mlogging[0m:[36mcallHandlers[0m:[36m1737[0m - [34m[1mRegistering handler for ReadResourceRequest[0m
[32m2026-07-25 04:24:37[0m | [34m[1mDEBUG   [0m | [36mlogging[0m:[36mcallHandlers[0m:[36m1737[0m - [34m[1mRegistering handler for PromptListRequest[0m
[32m2026-07-25 04:24:37[0m | [34m[1mDEBUG   [0m | [36mlogging[0m:[36mcallHandlers[0m:[36m1737[0m - [34m[1mRegistering handler for GetPromptRequest[0m
[32m2026-07-25 04:24:37[0m | [34m[1mDEBUG   [0m | [36mlogging[0m:[36mcallHandlers[0m:[36m1737[0m - [34m[1mRegistering handler for ListResourceTemplatesRequest[0m
[32m2026-07-25 04:24:37[0m | [34m[1mDEBUG   [0m | [36mlogging[0m:[36mcallHandlers[0m:[36m1737[0m - [34m[1mInitializing server 'workspace_mcp'[0m
[32m2026-07-25 04:24:37[0m | [34m[1mDEBUG   [0m | [36mlogging[0m:[36mcallHandlers[0m:[36m1737[0m - [34m[1mRegistering handler for ListToolsRequest[0m
[32m2026-07-25 04:24:37[0m | [34m[1mDEBUG   [0m | [36mlogging[0m:[36mcallHandlers[0m:[36m1737[0m - [34m[1mRegistering handler for CallToolRequest[0m
[32m2026-07-25 04:24:37[0m | [34m[1mDEBUG   [0m | [36mlogging[0m:[36mcallHandlers[0m:[36m1737[0m - [34m[1mRegistering handler for ListResourcesRequest[0m
[32m2026-07-25 04:24:37[0m | [34m[1mDEBUG   [0m | [36mlogging[0m:[36mcallHandlers[0m:[36m1737[0m - [34m[1mRegistering handler for ReadResourceRequest[0m
[32m2026-07-25 04:24:37[0m | [34m[1mDEBUG   [0m | [36mlogging[0m:[36mcallHandlers[0m:[36m1737[0m - [34m[1mRegistering handler for PromptListRequest[0m
[32m2026-07-25 04:24:37[0m | [34m[1mDEBUG   [0m | [36mlogging[0m:[36mcallHandlers[0m:[36m1737[0m - [34m[1mRegistering handler for GetPromptRequest[0m
[32m2026-07-25 04:24:37[0m | [34m[1mDEBUG   [0m | [36mlogging[0m:[36mcallHandlers[0m:[36m1737[0m - [34m[1mRegistering handler for ListResourceTemplatesRequest[0m
F
================================== FAILURES ===================================
_________________ test_telemetry_persists_to_db_not_just_logs _________________
tests\api\test_swarm_routes.py:116: in test_telemetry_persists_to_db_not_just_logs
    asyncio.get_event_loop().run_until_complete(
    ^^^^^^^^^^^^^^^^^^^^^^^^
C:\Python314\Lib\asyncio\events.py:715: in get_event_loop
    raise RuntimeError('There is no current event loop in thread %r.'
E   RuntimeError: There is no current event loop in thread 'MainThread'.
-------------------------- Captured stdout teardown ---------------------------
[32m2026-07-25 04:24:38[0m | [34m[1mDEBUG   [0m | [36mlogging[0m:[36mcallHandlers[0m:[36m1737[0m - [34m[1mexecuting functools.partial(<built-in method cursor of sqlite3.Connection object at 0x000001FD5535FE20>)[0m
[32m2026-07-25 04:24:38[0m | [34m[1mDEBUG   [0m | [36mlogging[0m:[36mcallHandlers[0m:[36m1737[0m - [34m[1moperation functools.partial(<built-in method cursor of sqlite3.Connection object at 0x000001FD5535FE20>) completed[0m
[32m2026-07-25 04:24:38[0m | [34m[1mDEBUG   [0m | [36mlogging[0m:[36mcallHandlers[0m:[36m1737[0m - [34m[1mexecuting functools.partial(<built-in method execute of sqlite3.Cursor object at 0x000001FD55793C40>, 'PRAGMA main.table_info("dynamic_agents")', ())[0m
[32m2026-07-25 04:24:38[0m | [34m[1mDEBUG   [0m | [36mlogging[0m:[36mcallHandlers[0m:[36m1737[0m - [34m[1moperation functools.partial(<built-in method execute of sqlite3.Cursor object at 0x000001FD55793C40>, 'PRAGMA main.table_info("dynamic_agents")', ()) completed[0m
[32m2026-07-25 04:24:38[0m | [34m[1mDEBUG   [0m | [36mlogging[0m:[36mcallHandlers[0m:[36m1737[0m - [34m[1mexecuting functools.partial(<built-in method fetchall of sqlite3.Cursor object at 0x000001FD55793C40>)[0m
[32m2026-07-25 04:24:38[0m | [34m[1mDEBUG   [0m | [36mlogging[0m:[36mcallHandlers[0m:[36m1737[0m - [34m[1moperation functools.partial(<built-in method fetchall of sqlite3.Cursor object at 0x000001FD55793C40>) completed[0m
[32m2026-07-25 04:24:38[0m | [34m[1mDEBUG   [0m | [36mlogging[0m:[36mcallHandlers[0m:[36m1737[0m - [34m[1mexecuting functools.partial(<built-in method close of sqlite3.Cursor object at 0x000001FD55793C40>)[0m
[32m2026-07-25 04:24:38[0m | [34m[1mDEBUG   [0m | [36mlogging[0m:[36mcallHandlers[0m:[36m1737[0m - [34m[1moperation functools.partial(<built-in method close of sqlite3.Cursor object at 0x000001FD55793C40>) completed[0m
[32m2026-07-25 04:24:38[0m | [34m[1mDEBUG   [0m | [36mlogging[0m:[36mcallHandlers[0m:[36m1737[0m - [34m[1mexecuting functools.partial(<built-in method cursor of sqlite3.Connection object at 0x000001FD5535FE20>)[0m
[32m2026-07-25 04:24:38[0m | [34m[1mDEBUG   [0m | [36mlogging[0m:[36mcallHandlers[0m:[36m1737[0m - [34m[1moperation functools.partial(<built-in method cursor of sqlite3.Connection object at 0x000001FD5535FE20>) completed[0m
[32m2026-07-25 04:24:38[0m | [34m[1mDEBUG   [0m | [36mlogging[0m:[36mcallHandlers[0m:[36m1737[0m - [34m[1mexecuting functools.partial(<built-in method execute of sqlite3.Cursor object at 0x000001FD405C1AC0>, 'PRAGMA main.table_info("agent_reflections")', ())[0m
[32m2026-07-25 04:24:38[0m | [34m[1mDEBUG   [0m | [36mlogging[0m:[36mcallHandlers[0m:[36m1737[0m - [34m[1moperation functools.partial(<built-in method execute of sqlite3.Cursor object at 0x000001FD405C1AC0>, 'PRAGMA main.table_info("agent_reflections")', ()) completed[0m
[32m2026-07-25 04:24:38[0m | [34m[1mDEBUG   [0m | [36mlogging[0m:[36mcallHandlers[0m:[36m1737[0m - [34m[1mexecuting functools.partial(<built-in method fetchall of sqlite3.Cursor object at 0x000001FD405C1AC0>)[0m
[32m2026-07-25 04:24:38[0m | [34m[1mDEBUG   [0m | [36mlogging[0m:[36mcallHandlers[0m:[36m1737[0m - [34m[1moperation functools.partial(<built-in method fetchall of sqlite3.Cursor object at 0x000001FD405C1AC0>) completed[0m
[32m2026-07-25 04:24:38[0m | [34m[1mDEBUG   [0m | [36mlogging[0m:[36mcallHandlers[0m:[36m1737[0m - [34m[1mexecuting functools.partial(<built-in method close of sqlite3.Cursor object at 0x000001FD405C1AC0>)[0m
[32m2026-07-25 04:24:38[0m | [34m[1mDEBUG   [0m | [36mlogging[0m:[36mcallHandlers[0m:[36m1737[0m - [34m[1moperation functools.partial(<built-in method close of sqlite3.Cursor object at 0x000001FD405C1AC0>) completed[0m
[32m2026-07-25 04:24:38[0m | [34m[1mDEBUG   [0m | [36mlogging[0m:[36mcallHandlers[0m:[36m1737[0m - [34m[1mexecuting functools.partial(<built-in method cursor of sqlite3.Connection object at 0x000001FD5535FE20>)[0m
[32m2026-07-25 04:24:38[0m | [34m[1mDEBUG   [0m | [36mlogging[0m:[36mcallHandlers[0m:[36m1737[0m - [34m[1moperation functools.partial(<built-in method cursor of sqlite3.Connection object at 0x000001FD5535FE20>) completed[0m
[32m2026-07-25 04:24:38[0m | [34m[1mDEBUG   [0m | [36mlogging[0m:[36mcallHandlers[0m:[36m1737[0m - [34m[1mexecuting functools.partial(<built-in method execute of sqlite3.Cursor object at 0x000001FD55793EC0>, 'PRAGMA main.table_info("dynamic_capabilities")', ())[0m
[32m2026-07-25 04:24:38[0m | [34m[1mDEBUG   [0m | [36mlogging[0m:[36mcallHandlers[0m:[36m1737[0m - [34m[1moperation functools.partial(<built-in method execute of sqlite3.Cursor object at 0x000001FD55793EC0>, 'PRAGMA main.table_info("dynamic_capabilities")', ()) completed[0m
[32m2026-07-25 04:24:38[0m | [34m[1mDEBUG   [0m | [36mlogging[0m:[36mcallHandlers[0m:[36m1737[0m - [34m[1mexecuting functools.partial(<built-in method fetchall of sqlite3.Cursor object at 0x000001FD55793EC0>)[0m
[32m2026-07-25 04:24:38[0m | [34m[1mDEBUG   [0m | [36mlogging[0m:[36mcallHandlers[0m:[36m1737[0m - [34m[1moperation functools.partial(<built-in method fetchall of sqlite3.Cursor object at 0x000001FD55793EC0>) completed[0m
[32m2026-07-25 04:24:38[0m | [34m[1mDEBUG   [0m | [36mlogging[0m:[36mcallHandlers[0m:[36m1737[0m - [34m[1mexecuting functools.partial(<built-in method close of sqlite3.Cursor object at 0x000001FD55793EC0>)[0m
[32m2026-07-25 04:24:38[0m | [34m[1mDEBUG   [0m | [36mlogging[0m:[36mcallHandlers[0m:[36m1737[0m - [34m[1moperation functools.partial(<built-in method close of sqlite3.Cursor object at 0x000001FD55793EC0>) completed[0m
[32m2026-07-25 04:24:38[0m | [34m[1mDEBUG   [0m | [36mlogging[0m:[36mcallHandlers[0m:[36m1737[0m - [34m[1mexecuting functools.partial(<built-in method cursor of sqlite3.Connection object at 0x000001FD5535FE20>)[0m
[32m2026-07-25 04:24:38[0m | [34m[1mDEBUG   [0m | [36mlogging[0m:[36mcallHandlers[0m:[36m1737[0m - [34m[1moperation functools.partial(<built-in method cursor of sqlite3.Connection object at 0x000001FD5535FE20>) completed[0m
[32m2026-07-25 04:24:38[0m | [34m[1mDEBUG   [0m | [36mlogging[0m:[36mcallHandlers[0m:[36m1737[0m - [34m[1mexecuting functools.partial(<built-in method execute of sqlite3.Cursor object at 0x000001FD55792CC0>, 'PRAGMA main.table_info("execution_chains")', ())[0m
[32m2026-07-25 04:24:38[0m | [34m[1mDEBUG   [0m | [36mlogging[0m:[36mcallHandlers[0m:[36m1737[0m - [34m[1moperation functools.partial(<built-in method execute of sqlite3.Cursor object at 0x000001FD55792CC0>, 'PRAGMA main.table_info("execution_chains")', ()) completed[0m
[32m2026-07-25 04:24:38[0m | [34m[1mDEBUG   [0m | [36mlogging[0m:[36mcallHandlers[0m:[36m1737[0m - [34m[1mexecuting functools.partial(<built-in method fetchall of sqlite3.Cursor object at 0x000001FD55792CC0>)[0m
[32m2026-07-25 04:24:38[0m | [34m[1mDEBUG   [0m | [36mlogging[0m:[36mcallHandlers[0m:[36m1737[0m - [34m[1moperation functools.partial(<built-in method fetchall of sqlite3.Cursor object at 0x000001FD55792CC0>) completed[0m
[32m2026-07-25 04:24:38[0m | [34m[1mDEBUG   [0m | [36mlogging[0m:[36mcallHandlers[0m:[36m1737[0m - [34m[1mexecuting functools.partial(<built-in method close of sqlite3.Cursor object at 0x000001FD55792CC0>)[0m
[32m2026-07-25 04:24:38[0m | [34m[1mDEBUG   [0m | [36mlogging[0m:[36mcallHandlers[0m:[36m1737[0m - [34m[1moperation functools.partial(<built-in method close of sqlite3.Cursor object at 0x000001FD55792CC0>) completed[0m
[32m2026-07-25 04:24:38[0m | [34m[1mDEBUG   [0m | [36mlogging[0m:[36mcallHandlers[0m:[36m1737[0m - [34m[1mexecuting functools.partial(<built-in method cursor of sqlite3.Connection object at 0x000001FD5535FE20>)[0m
[32m2026-07-25 04:24:38[0m | [34m[1mDEBUG   [0m | [36mlogging[0m:[36mcallHandlers[0m:[36m1737[0m - [34m[1moperation functools.partial(<built-in method cursor of sqlite3.Connection object at 0x000001FD5535FE20>) completed[0m
[32m2026-07-25 04:24:38[0m | [34m[1mDEBUG   [0m | [36mlogging[0m:[36mcallHandlers[0m:[36m1737[0m - [34m[1mexecuting functools.partial(<built-in method execute of sqlite3.Cursor object at 0x000001FD559055C0>, 'PRAGMA main.table_info("system_dependencies")', ())[0m
[32m2026-07-25 04:24:38[0m | [34m[1mDEBUG   [0m | [36mlogging[0m:[36mcallHandlers[0m:[36m1737[0m - [34m[1moperation functools.partial(<built-in method execute of sqlite3.Cursor object at 0x000001FD559055C0>, 'PRAGMA main.table_info("system_dependencies")', ()) completed[0m
[32m2026-07-25 04:24:38[0m | [34m[1mDEBUG   [0m | [36mlogging[0m:[36mcallHandlers[0m:[36m1737[0m - [34m[1mexecuting functools.partial(<built-in method fetchall of sqlite3.Cursor object at 0x000001FD559055C0>)[0m
[32m2026-07-25 04:24:38[0m | [34m[1mDEBUG   [0m | [36mlogging[0m:[36mcallHandlers[0m:[36m1737[0m - [34m[1moperation functools.partial(<built-in method fetchall of sqlite3.Cursor object at 0x000001FD559055C0>) completed[0m
[32m2026-07-25 04:24:38[0m | [34m[1mDEBUG   [0m | [36mlogging[0m:[36mcallHandlers[0m:[36m1737[0m - [34m[1mexecuting functools.partial(<built-in method close of sqlite3.Cursor object at 0x000001FD559055C0>)[0m
[32m2026-07-25 04:24:38[0m | [34m[1mDEBUG   [0m | [36mlogging[0m:[36mcallHandlers[0m:[36m1737[0m - [34m[1moperation functools.partial(<built-in method close of sqlite3.Cursor object at 0x000001FD559055C0>) completed[0m
[32m2026-07-25 04:24:38[0m | [34m[1mDEBUG   [0m | [36mlogging[0m:[36mcallHandlers[0m:[36m1737[0m - [34m[1mexecuting functools.partial(<built-in method cursor of sqlite3.Connection object at 0x000001FD5535FE20>)[0m
[32m2026-07-25 04:24:38[0m | [34m[1mDEBUG   [0m | [36mlogging[0m:[36mcallHandlers[0m:[36m1737[0m - [34m[1moperation functools.partial(<built-in method cursor of sqlite3.Connection object at 0x000001FD5535FE20>) completed[0m
[32m2026-07-25 04:24:38[0m | [34m[1mDEBUG   [0m | [36mlogging[0m:[36mcallHandlers[0m:[36m1737[0m - [34m[1mexecuting functools.partial(<built-in method execute of sqlite3.Cursor object at 0x000001FD40486DC0>, 'PRAGMA main.table_info("api_endpoints")', ())[0m
[32m2026-07-25 04:24:38[0m | [34m[1mDEBUG   [0m | [36mlogging[0m:[36mcallHandlers[0m:[36m1737[0m - [34m[1moperation functools.partial(<built-in method execute of sqlite3.Cursor object at 0x000001FD40486DC0>, 'PRAGMA main.table_info("api_endpoints")', ()) completed[0m
[32m2026-07-25 04:24:38[0m | [34m[1mDEBUG   [0m | [36mlogging[0m:[36mcallHandlers[0m:[36m1737[0m - [34m[1mexecuting functools.partial(<built-in method fetchall of sqlite3.Cursor object at 0x000001FD40486DC0>)[0m
[32m2026-07-25 04:24:38[0m | [34m[1mDEBUG   [0m | [36mlogging[0m:[36mcallHandlers[0m:[36m1737[0m - [34m[1moperation functools.partial(<built-in method fetchall of sqlite3.Cursor object at 0x000001FD40486DC0>) completed[0m
[32m2026-07-25 04:24:38[0m | [34m[1mDEBUG   [0m | [36mlogging[0m:[36mcallHandlers[0m:[36m1737[0m - [34m[1mexecuting functools.partial(<built-in method close of sqlite3.Cursor object at 0x000001FD40486DC0>)[0m
[32m2026-07-25 04:24:38[0m | [34m[1mDEBUG   [0m | [36mlogging[0m:[36mcallHandlers[0m:[36m1737[0m - [34m[1moperation functools.partial(<built-in method close of sqlite3.Cursor object at 0x000001FD40486DC0>) completed[0m
[32m2026-07-25 04:24:38[0m | [34m[1mDEBUG   [0m | [36mlogging[0m:[36mcallHandlers[0m:[36m1737[0m - [34m[1mexecuting functools.partial(<built-in method cursor of sqlite3.Connection object at 0x000001FD5535FE20>)[0m
[32m2026-07-25 04:24:38[0m | [34m[1mDEBUG   [0m | [36mlogging[0m:[36mcallHandlers[0m:[36m1737[0m - [34m[1moperation functools.partial(<built-in method cursor of sqlite3.Connection object at 0x000001FD5535FE20>) completed[0m
[32m2026-07-25 04:24:38[0m | [34m[1mDEBUG   [0m | [36mlogging[0m:[36mcallHandlers[0m:[36m1737[0m - [34m[1mexecuting functools.partial(<built-in method execute of sqlite3.Cursor object at 0x000001FD40484E40>, 'PRAGMA main.table_info("system_incidents")', ())[0m
[32m2026-07-25 04:24:38[0m | [34m[1mDEBUG   [0m | [36mlogging[0m:[36mcallHandlers[0m:[36m1737[0m - [34m[1moperation functools.partial(<built-in method execute of sqlite3.Cursor object at 0x000001FD40484E40>, 'PRAGMA main.table_info("system_incidents")', ()) completed[0m
[32m2026-07-25 04:24:38[0m | [34m[1mDEBUG   [0m | [36mlogging[0m:[36mcallHandlers[0m:[36m1737[0m - [34m[1mexecuting functools.partial(<built-in method fetchall of sqlite3.Cursor object at 0x000001FD40484E40>)[0m
[32m2026-07-25 04:24:38[0m | [34m[1mDEBUG   [0m | [36mlogging[0m:[36mcallHandlers[0m:[36m1737[0m - [34m[1moperation functools.partial(<built-in method fetchall of sqlite3.Cursor object at 0x000001FD40484E40>) completed[0m
[32m2026-07-25 04:24:38[0m | [34m[1mDEBUG   [0m | [36mlogging[0m:[36mcallHandlers[0m:[36m1737[0m - [34m[1mexecuting functools.partial(<built-in method close of sqlite3.Cursor object at 0x000001FD40484E40>)[0m
[32m2026-07-25 04:24:38[0m | [34m[1mDEBUG   [0m | [36mlogging[0m:[36mcallHandlers[0m:[36m1737[0m - [34m[1moperation functools.partial(<built-in method close of sqlite3.Cursor object at 0x000001FD40484E40>) completed[0m
[32m2026-07-25 04:24:38[0m | [34m[1mDEBUG   [0m | [36mlogging[0m:[36mcallHandlers[0m:[36m1737[0m - [34m[1mexecuting functools.partial(<built-in method cursor of sqlite3.Connection object at 0x000001FD5535FE20>)[0m
[32m2026-07-25 04:24:38[0m | [34m[1mDEBUG   [0m | [36mlogging[0m:[36mcallHandlers[0m:[36m1737[0m - [34m[1moperation functools.partial(<built-in method cursor of sqlite3.Connection object at 0x000001FD5535FE20>) completed[0m
[32m2026-07-25 04:24:38[0m | [34m[1mDEBUG   [0m | [36mlogging[0m:[36mcallHandlers[0m:[36m1737[0m - [34m[1mexecuting functools.partial(<built-in method execute of sqlite3.Cursor object at 0x000001FD40485A40>, 'PRAGMA main.table_info("integrations")', ())[0m
[32m2026-07-25 04:24:38[0m | [34m[1mDEBUG   [0m | [36mlogging[0m:[36mcallHandlers[0m:[36m1737[0m - [34m[1moperation functools.partial(<built-in method execute of sqlite3.Cursor object at 0x000001FD40485A40>, 'PRAGMA main.table_info("integrations")', ()) completed[0m
[32m2026-07-25 04:24:38[0m | [34m[1mDEBUG   [0m | [36mlogging[0m:[36mcallHandlers[0m:[36m1737[0m - [34m[1mexecuting functools.partial(<built-in method fetchall of sqlite3.Cursor object at 0x000001FD40485A40>)[0m
[32m2026-07-25 04:24:38[0m | [34m[1mDEBUG   [0m | [36mlogging[0m:[36mcallHandlers[0m:[36m1737[0m - [34m[1moperation functools.partial(<built-in method fetchall of sqlite3.Cursor object at 0x000001FD40485A40>) completed[0m
[32m2026-07-25 04:24:38[0m | [34m[1mDEBUG   [0m | [36mlogging[0m:[36mcallHandlers[0m:[36m1737[0m - [34m[1mexecuting functools.partial(<built-in method close of sqlite3.Cursor object at 0x000001FD40485A40>)[0m
[32m2026-07-25 04:24:38[0m | [34m[1mDEBUG   [0m | [36mlogging[0m:[36mcallHandlers[0m:[36m1737[0m - [34m[1moperation functools.partial(<built-in method close of sqlite3.Cursor object at 0x000001FD40485A40>) completed[0m
[32m2026-07-25 04:24:38[0m | [34m[1mDEBUG   [0m | [36mlogging[0m:[36mcallHandlers[0m:[36m1737[0m - [34m[1mexecuting functools.partial(<built-in method cursor of sqlite3.Connection object at 0x000001FD5535FE20>)[0m
[32m2026-07-25 04:24:38[0m | [34m[1mDEBUG   [0m | [36mlogging[0m:[36mcallHandlers[0m:[36m1737[0m - [34m[1moperation functools.partial(<built-in method cursor of sqlite3.Connection object at 0x000001FD5535FE20>) completed[0m
[32m2026-07-25 04:24:38[0m | [34m[1mDEBUG   [0m | [36mlogging[0m:[36mcallHandlers[0m:[36m1737[0m - [34m[1mexecuting functools.partial(<built-in method execute of sqlite3.Cursor object at 0x000001FD40486EC0>, 'PRAGMA main.table_info("patch_telemetry")', ())[0m
[32m2026-07-25 04:24:38[0m | [34m[1mDEBUG   [0m | [36mlogging[0m:[36mcallHandlers[0m:[36m1737[0m - [34m[1moperation functools.partial(<built-in method execute of sqlite3.Cursor object at 0x000001FD40486EC0>, 'PRAGMA main.table_info("patch_telemetry")', ()) completed[0m
[32m2026-07-25 04:24:38[0m | [34m[1mDEBUG   [0m | [36mlogging[0m:[36mcallHandlers[0m:[36m1737[0m - [34m[1mexecuting functools.partial(<built-in method fetchall of sqlite3.Cursor object at 0x000001FD40486EC0>)[0m
[32m2026-07-25 04:24:38[0m | [34m[1mDEBUG   [0m | [36mlogging[0m:[36mcallHandlers[0m:[36m1737[0m - [34m[1moperation functools.partial(<built-in method fetchall of sqlite3.Cursor object at 0x000001FD40486EC0>) completed[0m
[32m2026-07-25 04:24:38[0m | [34m[1mDEBUG   [0m | [36mlogging[0m:[36mcallHandlers[0m:[36m1737[0m - [34m[1mexecuting functools.partial(<built-in method close of sqlite3.Cursor object at 0x000001FD40486EC0>)[0m
[32m2026-07-25 04:24:38[0m | [34m[1mDEBUG   [0m | [36mlogging[0m:[36mcallHandlers[0m:[36m1737[0m - [34m[1moperation functools.partial(<built-in method close of sqlite3.Cursor object at 0x000001FD40486EC0>) completed[0m
[32m2026-07-25 04:24:38[0m | [34m[1mDEBUG   [0m | [36mlogging[0m:[36mcallHandlers[0m:[36m1737[0m - [34m[1mexecuting functools.partial(<built-in method cursor of sqlite3.Connection object at 0x000001FD5535FE20>)[0m
[32m2026-07-25 04:24:38[0m | [34m[1mDEBUG   [0m | [36mlogging[0m:[36mcallHandlers[0m:[36m1737[0m - [34m[1moperation functools.partial(<built-in method cursor of sqlite3.Connection object at 0x000001FD5535FE20>) completed[0m
[32m2026-07-25 04:24:38[0m | [34m[1mDEBUG   [0m | [36mlogging[0m:[36mcallHandlers[0m:[36m1737[0m - [34m[1mexecuting functools.partial(<built-in method execute of sqlite3.Cursor object at 0x000001FD40486E40>, 'PRAGMA main.table_info("skill_fitness")', ())[0m
[32m2026-07-25 04:24:38[0m | [34m[1mDEBUG   [0m | [36mlogging[0m:[36mcallHandlers[0m:[36m1737[0m - [34m[1moperation functools.partial(<built-in method execute of sqlite3.Cursor object at 0x000001FD40486E40>, 'PRAGMA main.table_info("skill_fitness")', ()) completed[0m
[32m2026-07-25 04:24:38[0m | [34m[1mDEBUG   [0m | [36mlogging[0m:[36mcallHandlers[0m:[36m1737[0m - [34m[1mexecuting functools.partial(<built-in method fetchall of sqlite3.Cursor object at 0x000001FD40486E40>)[0m
[32m2026-07-25 04:24:38[0m | [34m[1mDEBUG   [0m | [36mlogging[0m:[36mcallHandlers[0m:[36m1737[0m - [34m[1moperation functools.partial(<built-in method fetchall of sqlite3.Cursor object at 0x000001FD40486E40>) completed[0m
[32m2026-07-25 04:24:38[0m | [34m[1mDEBUG   [0m | [36mlogging[0m:[36mcallHandlers[0m:[36m1737[0m - [34m[1mexecuting functools.partial(<built-in method close of sqlite3.Cursor object at 0x000001FD40486E40>)[0m
[32m2026-07-25 04:24:38[0m | [34m[1mDEBUG   [0m | [36mlogging[0m:[36mcallHandlers[0m:[36m1737[0m - [34m[1moperation functools.partial(<built-in method close of sqlite3.Cursor object at 0x000001FD40486E40>) completed[0m
[32m2026-07-25 04:24:38[0m | [34m[1mDEBUG   [0m | [36mlogging[0m:[36mcallHandlers[0m:[36m1737[0m - [34m[1mexecuting functools.partial(<built-in method cursor of sqlite3.Connection object at 0x000001FD5535FE20>)[0m
[32m2026-07-25 04:24:38[0m | [34m[1mDEBUG   [0m | [36mlogging[0m:[36mcallHandlers[0m:[36m1737[0m - [34m[1moperation functools.partial(<built-in method cursor of sqlite3.Connection object at 0x000001FD5535FE20>) completed[0m
[32m2026-07-25 04:24:38[0m | [34m[1mDEBUG   [0m | [36mlogging[0m:[36mcallHandlers[0m:[36m1737[0m - [34m[1mexecuting functools.partial(<built-in method execute of sqlite3.Cursor object at 0x000001FD55B10B40>, 'PRAGMA main.table_info("code_proposals")', ())[0m
[32m2026-07-25 04:24:38[0m | [34m[1mDEBUG   [0m | [36mlogging[0m:[36mcallHandlers[0m:[36m1737[0m - [34m[1moperation functools.partial(<built-in method execute of sqlite3.Cursor object at 0x000001FD55B10B40>, 'PRAGMA main.table_info("code_proposals")', ()) completed[0m
[32m2026-07-25 04:24:38[0m | [34m[1mDEBUG   [0m | [36mlogging[0m:[36mcallHandlers[0m:[36m1737[0m - [34m[1mexecuting functools.partial(<built-in method fetchall of sqlite3.Cursor object at 0x000001FD55B10B40>)[0m
[32m2026-07-25 04:24:38[0m | [34m[1mDEBUG   [0m | [36mlogging[0m:[36mcallHandlers[0m:[36m1737[0m - [34m[1moperation functools.partial(<built-in method fetchall of sqlite3.Cursor object at 0x000001FD55B10B40>) completed[0m
[32m2026-07-25 04:24:38[0m | [34m[1mDEBUG   [0m | [36mlogging[0m:[36mcallHandlers[0m:[36m1737[0m - [34m[1mexecuting functools.partial(<built-in method close of sqlite3.Cursor object at 0x000001FD55B10B40>)[0m
[32m2026-07-25 04:24:38[0m | [34m[1mDEBUG   [0m | [36mlogging[0m:[36mcallHandlers[0m:[36m1737[0m - [34m[1moperation functools.partial(<built-in method close of sqlite3.Cursor object at 0x000001FD55B10B40>) completed[0m
[32m2026-07-25 04:24:38[0m | [34m[1mDEBUG   [0m | [36mlogging[0m:[36mcallHandlers[0m:[36m1737[0m - [34m[1mexecuting functools.partial(<built-in method cursor of sqlite3.Connection object at 0x000001FD5535FE20>)[0m
[32m2026-07-25 04:24:38[0m | [34m[1mDEBUG   [0m | [36mlogging[0m:[36mcallHandlers[0m:[36m1737[0m - [34m[1moperation functools.partial(<built-in method cursor of sqlite3.Connection object at 0x000001FD5535FE20>) completed[0m
[32m2026-07-25 04:24:38[0m | [34m[1mDEBUG   [0m | [36mlogging[0m:[36mcallHandlers[0m:[36m1737[0m - [34m[1mexecuting functools.partial(<built-in method execute of sqlite3.Cursor object at 0x000001FD55AFCA40>, 'PRAGMA main.table_info("agent_performance_logs")', ())[0m
[32m2026-07-25 04:24:38[0m | [34m[1mDEBUG   [0m | [36mlogging[0m:[36mcallHandlers[0m:[36m1737[0m - [34m[1moperation functools.partial(<built-in method execute of sqlite3.Cursor object at 0x000001FD55AFCA40>, 'PRAGMA main.table_info("agent_performance_logs")', ()) completed[0m
[32m2026-07-25 04:24:38[0m | [34m[1mDEBUG   [0m | [36mlogging[0m:[36mcallHandlers[0m:[36m1737[0m - [34m[1mexecuting functools.partial(<built-in method fetchall of sqlite3.Cursor object at 0x000001FD55AFCA40>)[0m
[32m2026-07-25 04:24:38[0m | [34m[1mDEBUG   [0m | [36mlogging[0m:[36mcallHandlers[0m:[36m1737[0m - [34m[1moperation functools.partial(<built-in method fetchall of sqlite3.Cursor object at 0x000001FD55AFCA40>) completed[0m
[32m2026-07-25 04:24:38[0m | [34m[1mDEBUG   [0m | [36mlogging[0m:[36mcallHandlers[0m:[36m1737[0m - [34m[1mexecuting functools.partial(<built-in method close of sqlite3.Cursor object at 0x000001FD55AFCA40>)[0m
[32m2026-07-25 04:24:38[0m | [34m[1mDEBUG   [0m | [36mlogging[0m:[36mcallHandlers[0m:[36m1737[0m - [34m[1moperation functools.partial(<built-in method close of sqlite3.Cursor object at 0x000001FD55AFCA40>) completed[0m
[32m2026-07-25 04:24:38[0m | [34m[1mDEBUG   [0m | [36mlogging[0m:[36mcallHandlers[0m:[36m1737[0m - [34m[1mexecuting functools.partial(<built-in method cursor of sqlite3.Connection object at 0x000001FD5535FE20>)[0m
[32m2026-07-25 04:24:38[0m | [34m[1mDEBUG   [0m | [36mlogging[0m:[36mcallHandlers[0m:[36m1737[0m - [34m[1moperation functools.partial(<built-in method cursor of sqlite3.Connection object at 0x000001FD5535FE20>) completed[0m
[32m2026-07-25 04:24:38[0m | [34m[1mDEBUG   [0m | [36mlogging[0m:[36mcallHandlers[0m:[36m1737[0m - [34m[1mexecuting functools.partial(<built-in method execute of sqlite3.Cursor object at 0x000001FD55AFCF40>, 'PRAGMA main.table_info("performance_alerts")', ())[0m
[32m2026-07-25 04:24:38[0m | [34m[1mDEBUG   [0m | [36mlogging[0m:[36mcallHandlers[0m:[36m1737[0m - [34m[1moperation functools.partial(<built-in method execute of sqlite3.Cursor object at 0x000001FD55AFCF40>, 'PRAGMA main.table_info("performance_alerts")', ()) completed[0m
[32m2026-07-25 04:24:38[0m | [34m[1mDEBUG   [0m | [36mlogging[0m:[36mcallHandlers[0m:[36m1737[0m - [34m[1mexecuting functools.partial(<built-in method fetchall of sqlite3.Cursor object at 0x000001FD55AFCF40>)[0m
[32m2026-07-25 04:24:38[0m | [34m[1mDEBUG   [0m | [36mlogging[0m:[36mcallHandlers[0m:[36m1737[0m - [34m[1moperation functools.partial(<built-in method fetchall of sqlite3.Cursor object at 0x000001FD55AFCF40>) completed[0m
[32m2026-07-25 04:24:38[0m | [34m[1mDEBUG   [0m | [36mlogging[0m:[36mcallHandlers[0m:[36m1737[0m - [34m[1mexecuting functools.partial(<built-in method close of sqlite3.Cursor object at 0x000001FD55AFCF40>)[0m
[32m2026-07-25 04:24:38[0m | [34m[1mDEBUG   [0m | [36mlogging[0m:[36mcallHandlers[0m:[36m1737[0m - [34m[1moperation functools.partial(<built-in method close of sqlite3.Cursor object at 0x000001FD55AFCF40>) completed[0m
[32m2026-07-25 04:24:38[0m | [34m[1mDEBUG   [0m | [36mlogging[0m:[36mcallHandlers[0m:[36m1737[0m - [34m[1mexecuting functools.partial(<built-in method cursor of sqlite3.Connection object at 0x000001FD5535FE20>)[0m
[32m2026-07-25 04:24:38[0m | [34m[1mDEBUG   [0m | [36mlogging[0m:[36mcallHandlers[0m:[36m1737[0m - [34m[1moperation functools.partial(<built-in method cursor of sqlite3.Connection object at 0x000001FD5535FE20>) completed[0m
[32m2026-07-25 04:24:38[0m | [34m[1mDEBUG   [0m | [36mlogging[0m:[36mcallHandlers[0m:[36m1737[0m - [34m[1mexecuting functools.partial(<built-in method execute of sqlite3.Cursor object at 0x000001FD55AFCFC0>, 'PRAGMA main.table_info("agent_genomes")', ())[0m
[32m2026-07-25 04:24:38[0m | [34m[1mDEBUG   [0m | [36mlogging[0m:[36mcallHandlers[0m:[36m1737[0m - [34m[1moperation functools.partial(<built-in method execute of sqlite3.Cursor object at 0x000001FD55AFCFC0>, 'PRAGMA main.table_info("agent_genomes")', ()) completed[0m
[32m2026-07-25 04:24:38[0m | [34m[1mDEBUG   [0m | [36mlogging[0m:[36mcallHandlers[0m:[36m1737[0m - [34m[1mexecuting functools.partial(<built-in method fetchall of sqlite3.Cursor object at 0x000001FD55AFCFC0>)[0m
[32m2026-07-25 04:24:38[0m | [34m[1mDEBUG   [0m | [36mlogging[0m:[36mcallHandlers[0m:[36m1737[0m - [34m[1moperation functools.partial(<built-in method fetchall of sqlite3.Cursor object at 0x000001FD55AFCFC0>) completed[0m
[32m2026-07-25 04:24:38[0m | [34m[1mDEBUG   [0m | [36mlogging[0m:[36mcallHandlers[0m:[36m1737[0m - [34m[1mexecuting functools.partial(<built-in method close of sqlite3.Cursor object at 0x000001FD55AFCFC0>)[0m
[32m2026-07-25 04:24:38[0m | [34m[1mDEBUG   [0m | [36mlogging[0m:[36mcallHandlers[0m:[36m1737[0m - [34m[1moperation functools.partial(<built-in method close of sqlite3.Cursor object at 0x000001FD55AFCFC0>) completed[0m
[32m2026-07-25 04:24:38[0m | [34m[1mDEBUG   [0m | [36mlogging[0m:[36mcallHandlers[0m:[36m1737[0m - [34m[1mexecuting functools.partial(<built-in method cursor of sqlite3.Connection object at 0x000001FD5535FE20>)[0m
[32m2026-07-25 04:24:38[0m | [34m[1mDEBUG   [0m | [36mlogging[0m:[36mcallHandlers[0m:[36m1737[0m - [34m[1moperation functools.partial(<built-in method cursor of sqlite3.Connection object at 0x000001FD5535FE20>) completed[0m
[32m2026-07-25 04:24:38[0m | [34m[1mDEBUG   [0m | [36mlogging[0m:[36mcallHandlers[0m:[36m1737[0m - [34m[1mexecuting functools.partial(<built-in method execute of sqlite3.Cursor object at 0x000001FD55AFC640>, 'PRAGMA main.table_info("agent_offspring")', ())[0m
[32m2026-07-25 04:24:38[0m | [34m[1mDEBUG   [0m | [36mlogging[0m:[36mcallHandlers[0m:[36m1737[0m - [34m[1moperation functools.partial(<built-in method execute of sqlite3.Cursor object at 0x000001FD55AFC640>, 'PRAGMA main.table_info("agent_offspring")', ()) completed[0m
[32m2026-07-25 04:24:38[0m | [34m[1mDEBUG   [0m | [36mlogging[0m:[36mcallHandlers[0m:[36m1737[0m - [34m[1mexecuting functools.partial(<built-in method fetchall of sqlite3.Cursor object at 0x000001FD55AFC640>)[0m
[32m2026-07-25 04:24:38[0m | [34m[1mDEBUG   [0m | [36mlogging[0m:[36mcallHandlers[0m:[36m1737[0m - [34m[1moperation functools.partial(<built-in method fetchall of sqlite3.Cursor object at 0x000001FD55AFC640>) completed[0m
[32m2026-07-25 04:24:38[0m | [34m[1mDEBUG   [0m | [36mlogging[0m:[36mcallHandlers[0m:[36m1737[0m - [34m[1mexecuting functools.partial(<built-in method close of sqlite3.Cursor object at 0x000001FD55AFC640>)[0m
[32m2026-07-25 04:24:38[0m | [34m[1mDEBUG   [0m | [36mlogging[0m:[36mcallHandlers[0m:[36m1737[0m - [34m[1moperation functools.partial(<built-in method close of sqlite3.Cursor object at 0x000001FD55AFC640>) completed[0m
[32m2026-07-25 04:24:38[0m | [34m[1mDEBUG   [0m | [36mlogging[0m:[36mcallHandlers[0m:[36m1737[0m - [34m[1mexecuting functools.partial(<built-in method cursor of sqlite3.Connection object at 0x000001FD5535FE20>)[0m
[32m2026-07-25 04:24:38[0m | [34m[1mDEBUG   [0m | [36mlogging[0m:[36mcallHandlers[0m:[36m1737[0m - [34m[1moperation functools.partial(<built-in method cursor of sqlite3.Connection object at 0x000001FD5535FE20>) completed[0m
[32m2026-07-25 04:24:38[0m | [34m[1mDEBUG   [0m | [36mlogging[0m:[36mcallHandlers[0m:[36m1737[0m - [34m[1mexecuting functools.partial(<built-in method execute of sqlite3.Cursor object at 0x000001FD55AFC6C0>, 'PRAGMA main.table_info("performance_metrics")', ())[0m
[32m2026-07-25 04:24:38[0m | [34m[1mDEBUG   [0m | [36mlogging[0m:[36mcallHandlers[0m:[36m1737[0m - [34m[1moperation functools.partial(<built-in method execute of sqlite3.Cursor object at 0x000001FD55AFC6C0>, 'PRAGMA main.table_info("performance_metrics")', ()) completed[0m
[32m2026-07-25 04:24:38[0m | [34m[1mDEBUG   [0m | [36mlogging[0m:[36mcallHandlers[0m:[36m1737[0m - [34m[1mexecuting functools.partial(<built-in method fetchall of sqlite3.Cursor object at 0x000001FD55AFC6C0>)[0m
[32m2026-07-25 04:24:38[0m | [34m[1mDEBUG   [0m | [36mlogging[0m:[36mcallHandlers[0m:[36m1737[0m - [34m[1moperation functools.partial(<built-in method fetchall of sqlite3.Cursor object at 0x000001FD55AFC6C0>) completed[0m
[32m2026-07-25 04:24:38[0m | [34m[1mDEBUG   [0m | [36mlogging[0m:[36mcallHandlers[0m:[36m1737[0m - [34m[1mexecuting functools.partial(<built-in method close of sqlite3.Cursor object at 0x000001FD55AFC6C0>)[0m
[32m2026-07-25 04:24:38[0m | [34m[1mDEBUG   [0m | [36mlogging[0m:[36mcallHandlers[0m:[36m1737[0m - [34m[1moperation functools.partial(<built-in method close of sqlite3.Cursor object at 0x000001FD55AFC6C0>) completed[0m
[32m2026-07-25 04:24:38[0m | [34m[1mDEBUG   [0m | [36mlogging[0m:[36mcallHandlers[0m:[36m1737[0m - [34m[1mexecuting functools.partial(<built-in method cursor of sqlite3.Connection object at 0x000001FD5535FE20>)[0m
[32m2026-07-25 04:24:38[0m | [34m[1mDEBUG   [0m | [36mlogging[0m:[36mcallHandlers[0m:[36m1737[0m - [34m[1moperation functools.partial(<built-in method cursor of sqlite3.Connection object at 0x000001FD5535FE20>) completed[0m
[32m2026-07-25 04:24:38[0m | [34m[1mDEBUG   [0m | [36mlogging[0m:[36mcallHandlers[0m:[36m1737[0m - [34m[1mexecuting functools.partial(<built-in method execute of sqlite3.Cursor object at 0x000001FD55AFD0C0>, 'PRAGMA main.table_info("weakest_link_reports")', ())[0m
[32m2026-07-25 04:24:38[0m | [34m[1mDEBUG   [0m | [36mlogging[0m:[36mcallHandlers[0m:[36m1737[0m - [34m[1moperation functools.partial(<built-in method execute of sqlite3.Cursor object at 0x000001FD55AFD0C0>, 'PRAGMA main.table_info("weakest_link_reports")', ()) completed[0m
[32m2026-07-25 04:24:38[0m | [34m[1mDEBUG   [0m | [36mlogging[0m:[36mcallHandlers[0m:[36m1737[0m - [34m[1mexecuting functools.partial(<built-in method fetchall of sqlite3.Cursor object at 0x000001FD55AFD0C0>)[0m
[32m2026-07-25 04:24:38[0m | [34m[1mDEBUG   [0m | [36mlogging[0m:[36mcallHandlers[0m:[36m1737[0m - [34m[1moperation functools.partial(<built-in method fetchall of sqlite3.Cursor object at 0x000001FD55AFD0C0>) completed[0m
[32m2026-07-25 04:24:38[0m | [34m[1mDEBUG   [0m | [36mlogging[0m:[36mcallHandlers[0m:[36m1737[0m - [34m[1mexecuting functools.partial(<built-in method close of sqlite3.Cursor object at 0x000001FD55AFD0C0>)[0m
[32m2026-07-25 04:24:38[0m | [34m[1mDEBUG   [0m | [36mlogging[0m:[36mcallHandlers[0m:[36m1737[0m - [34m[1moperation functools.partial(<built-in method close of sqlite3.Cursor object at 0x000001FD55AFD0C0>) completed[0m
[32m2026-07-25 04:24:38[0m | [34m[1mDEBUG   [0m | [36mlogging[0m:[36mcallHandlers[0m:[36m1737[0m - [34m[1mexecuting functools.partial(<built-in method cursor of sqlite3.Connection object at 0x000001FD5535FE20>)[0m
[32m2026-07-25 04:24:38[0m | [34m[1mDEBUG   [0m | [36mlogging[0m:[36mcallHandlers[0m:[36m1737[0m - [34m[1moperation functools.partial(<built-in method cursor of sqlite3.Connection object at 0x000001FD5535FE20>) completed[0m
[32m2026-07-25 04:24:38[0m | [34m[1mDEBUG   [0m | [36mlogging[0m:[36mcallHandlers[0m:[36m1737[0m - [34m[1mexecuting functools.partial(<built-in method execute of sqlite3.Cursor object at 0x000001FD403D84C0>, 'PRAGMA main.table_info("breeding_pools")', ())[0m
[32m2026-07-25 04:24:38[0m | [34m[1mDEBUG   [0m | [36mlogging[0m:[36mcallHandlers[0m:[36m1737[0m - [34m[1moperation functools.partial(<built-in method execute of sqlite3.Cursor object at 0x000001FD403D84C0>, 'PRAGMA main.table_info("breeding_pools")', ()) completed[0m
[32m2026-07-25 04:24:38[0m | [34m[1mDEBUG   [0m | [36mlogging[0m:[36mcallHandlers[0m:[36m1737[0m - [34m[1mexecuting functools.partial(<built-in method fetchall of sqlite3.Cursor object at 0x000001FD403D84C0>)[0m
[32m2026-07-25 04:24:38[0m | [34m[1mDEBUG   [0m | [36mlogging[0m:[36mcallHandlers[0m:[36m1737[0m - [34m[1moperation functools.partial(<built-in method fetchall of sqlite3.Cursor object at 0x000001FD403D84C0>) completed[0m
[32m2026-07-25 04:24:38[0m | [34m[1mDEBUG   [0m | [36mlogging[0m:[36mcallHandlers[0m:[36m1737[0m - [34m[1mexecuting functools.partial(<built-in method close of sqlite3.Cursor object at 0x000001FD403D84C0>)[0m
[32m2026-07-25 04:24:38[0m | [34m[1mDEBUG   [0m | [36mlogging[0m:[36mcallHandlers[0m:[36m1737[0m - [34m[1moperation functools.partial(<built-in method close of sqlite3.Cursor object at 0x000001FD403D84C0>) completed[0m
[32m2026-07-25 04:24:38[0m | [34m[1mDEBUG   [0m | [36mlogging[0m:[36mcallHandlers[0m:[36m1737[0m - [34m[1mexecuting functools.partial(<built-in method cursor of sqlite3.Connection object at 0x000001FD5535FE20>)[0m
[32m2026-07-25 04:24:38[0m | [34m[1mDEBUG   [0m | [36mlogging[0m:[36mcallHandlers[0m:[36m1737[0m - [34m[1moperation functools.partial(<built-in method cursor of sqlite3.Connection object at 0x000001FD5535FE20>) completed[0m
[32m2026-07-25 04:24:38[0m | [34m[1mDEBUG   [0m | [36mlogging[0m:[36mcallHandlers[0m:[36m1737[0m - [34m[1mexecuting functools.partial(<built-in method execute of sqlite3.Cursor object at 0x000001FD55AFC0C0>, 'PRAGMA main.table_info("user_wallets")', ())[0m
[32m2026-07-25 04:24:38[0m | [34m[1mDEBUG   [0m | [36mlogging[0m:[36mcallHandlers[0m:[36m1737[0m - [34m[1moperation functools.partial(<built-in method execute of sqlite3.Cursor object at 0x000001FD55AFC0C0>, 'PRAGMA main.table_info("user_wallets")', ()) completed[0m
[32m2026-07-25 04:24:38[0m | [34m[1mDEBUG   [0m | [36mlogging[0m:[36mcallHandlers[0m:[36m1737[0m - [34m[1mexecuting functools.partial(<built-in method fetchall of sqlite3.Cursor object at 0x000001FD55AFC0C0>)[0m
[32m2026-07-25 04:24:38[0m | [34m[1mDEBUG   [0m | [36mlogging[0m:[36mcallHandlers[0m:[36m1737[0m - [34m[1moperation functools.partial(<built-in method fetchall of sqlite3.Cursor object at 0x000001FD55AFC0C0>) completed[0m
[32m2026-07-25 04:24:38[0m | [34m[1mDEBUG   [0m | [36mlogging[0m:[36mcallHandlers[0m:[36m1737[0m - [34m[1mexecuting functools.partial(<built-in method close of sqlite3.Cursor object at 0x000001FD55AFC0C0>)[0m
[32m2026-07-25 04:24:38[0m | [34m[1mDEBUG   [0m | [36mlogging[0m:[36mcallHandlers[0m:[36m1737[0m - [34m[1moperation functools.partial(<built-in method close of sqlite3.Cursor object at 0x000001FD55AFC0C0>) completed[0m
[32m2026-07-25 04:24:38[0m | [34m[1mDEBUG   [0m | [36mlogging[0m:[36mcallHandlers[0m:[36m1737[0m - [34m[1mexecuting functools.partial(<built-in method cursor of sqlite3.Connection object at 0x000001FD5535FE20>)[0m
[32m2026-07-25 04:24:38[0m | [34m[1mDEBUG   [0m | [36mlogging[0m:[36mcallHandlers[0m:[36m1737[0m - [34m[1moperation functools.partial(<built-in method cursor of sqlite3.Connection object at 0x000001FD5535FE20>) completed[0m
[32m2026-07-25 04:24:38[0m | [34m[1mDEBUG   [0m | [36mlogging[0m:[36mcallHandlers[0m:[36m1737[0m - [34m[1mexecuting functools.partial(<built-in method execute of sqlite3.Cursor object at 0x000001FD55AFC540>, 'PRAGMA main.table_info("transaction_ledger")', ())[0m
[32m2026-07-25 04:24:38[0m | [34m[1mDEBUG   [0m | [36mlogging[0m:[36mcallHandlers[0m:[36m1737[0m - [34m[1moperation functools.partial(<built-in method execute of sqlite3.Cursor object at 0x000001FD55AFC540>, 'PRAGMA main.table_info("transaction_ledger")', ()) completed[0m
[32m2026-07-25 04:24:38[0m | [34m[1mDEBUG   [0m | [36mlogging[0m:[36mcallHandlers[0m:[36m1737[0m - [34m[1mexecuting functools.partial(<built-in method fetchall of sqlite3.Cursor object at 0x000001FD55AFC540>)[0m
[32m2026-07-25 04:24:38[0m | [34m[1mDEBUG   [0m | [36mlogging[0m:[36mcallHandlers[0m:[36m1737[0m - [34m[1moperation functools.partial(<built-in method fetchall of sqlite3.Cursor object at 0x000001FD55AFC540>) completed[0m
[32m2026-07-25 04:24:38[0m | [34m[1mDEBUG   [0m | [36mlogging[0m:[36mcallHandlers[0m:[36m1737[0m - [34m[1mexecuting functools.partial(<built-in method close of sqlite3.Cursor object at 0x000001FD55AFC540>)[0m
[32m2026-07-25 04:24:38[0m | [34m[1mDEBUG   [0m | [36mlogging[0m:[36mcallHandlers[0m:[36m1737[0m - [34m[1moperation functools.partial(<built-in method close of sqlite3.Cursor object at 0x000001FD55AFC540>) completed[0m
[32m2026-07-25 04:24:38[0m | [34m[1mDEBUG   [0m | [36mlogging[0m:[36mcallHandlers[0m:[36m1737[0m - [34m[1mexecuting functools.partial(<built-in method cursor of sqlite3.Connection object at 0x000001FD5535FE20>)[0m
[32m2026-07-25 04:24:38[0m | [34m[1mDEBUG   [0m | [36mlogging[0m:[36mcallHandlers[0m:[36m1737[0m - [34m[1moperation functools.partial(<built-in method cursor of sqlite3.Connection object at 0x000001FD5535FE20>) completed[0m
[32m2026-07-25 04:24:38[0m | [34m[1mDEBUG   [0m | [36mlogging[0m:[36mcallHandlers[0m:[36m1737[0m - [34m[1mexecuting functools.partial(<built-in method execute of sqlite3.Cursor object at 0x000001FD3F3F0F40>, '\nDROP TABLE agent_offspring', ())[0m
[32m2026-07-25 04:24:38[0m | [34m[1mDEBUG   [0m | [36mlogging[0m:[36mcallHandlers[0m:[36m1737[0m - [34m[1moperation functools.partial(<built-in method execute of sqlite3.Cursor object at 0x000001FD3F3F0F40>, '\nDROP TABLE agent_offspring', ()) completed[0m
[32m2026-07-25 04:24:38[0m | [34m[1mDEBUG   [0m | [36mlogging[0m:[36mcallHandlers[0m:[36m1737[0m - [34m[1mexecuting functools.partial(<built-in method close of sqlite3.Cursor object at 0x000001FD3F3F0F40>)[0m
[32m2026-07-25 04:24:38[0m | [34m[1mDEBUG   [0m | [36mlogging[0m:[36mcallHandlers[0m:[36m1737[0m - [34m[1moperation functools.partial(<built-in method close of sqlite3.Cursor object at 0x000001FD3F3F0F40>) completed[0m
[32m2026-07-25 04:24:38[0m | [34m[1mDEBUG   [0m | [36mlogging[0m:[36mcallHandlers[0m:[36m1737[0m - [34m[1mexecuting functools.partial(<built-in method cursor of sqlite3.Connection object at 0x000001FD5535FE20>)[0m
[32m2026-07-25 04:24:38[0m | [34m[1mDEBUG   [0m | [36mlogging[0m:[36mcallHandlers[0m:[36m1737[0m - [34m[1moperation functools.partial(<built-in method cursor of sqlite3.Connection object at 0x000001FD5535FE20>) completed[0m
[32m2026-07-25 04:24:38[0m | [34m[1mDEBUG   [0m | [36mlogging[0m:[36mcallHandlers[0m:[36m1737[0m - [34m[1mexecuting functools.partial(<built-in method execute of sqlite3.Cursor object at 0x000001FD55AFC1C0>, '\nDROP TABLE agent_reflections', ())[0m
[32m2026-07-25 04:24:38[0m | [34m[1mDEBUG   [0m | [36mlogging[0m:[36mcallHandlers[0m:[36m1737[0m - [34m[1moperation functools.partial(<built-in method execute of sqlite3.Cursor object at 0x000001FD55AFC1C0>, '\nDROP TABLE agent_reflections', ()) completed[0m
[32m2026-07-25 04:24:38[0m | [34m[1mDEBUG   [0m | [36mlogging[0m:[36mcallHandlers[0m:[36m1737[0m - [34m[1mexecuting functools.partial(<built-in method close of sqlite3.Cursor object at 0x000001FD55AFC1C0>)[0m
[32m2026-07-25 04:24:38[0m | [34m[1mDEBUG   [0m | [36mlogging[0m:[36mcallHandlers[0m:[36m1737[0m - [34m[1moperation functools.partial(<built-in method close of sqlite3.Cursor object at 0x000001FD55AFC1C0>) completed[0m
[32m2026-07-25 04:24:38[0m | [34m[1mDEBUG   [0m | [36mlogging[0m:[36mcallHandlers[0m:[36m1737[0m - [34m[1mexecuting functools.partial(<built-in method cursor of sqlite3.Connection object at 0x000001FD5535FE20>)[0m
[32m2026-07-25 04:24:38[0m | [34m[1mDEBUG   [0m | [36mlogging[0m:[36mcallHandlers[0m:[36m1737[0m - [34m[1moperation functools.partial(<built-in method cursor of sqlite3.Connection object at 0x000001FD5535FE20>) completed[0m
[32m2026-07-25 04:24:38[0m | [34m[1mDEBUG   [0m | [36mlogging[0m:[36mcallHandlers[0m:[36m1737[0m - [34m[1mexecuting functools.partial(<built-in method execute of sqlite3.Cursor object at 0x000001FD55AFC5C0>, '\nDROP TABLE transaction_ledger', ())[0m
[32m2026-07-25 04:24:38[0m | [34m[1mDEBUG   [0m | [36mlogging[0m:[36mcallHandlers[0m:[36m1737[0m - [34m[1moperation functools.partial(<built-in method execute of sqlite3.Cursor object at 0x000001FD55AFC5C0>, '\nDROP TABLE transaction_ledger', ()) completed[0m
[32m2026-07-25 04:24:38[0m | [34m[1mDEBUG   [0m | [36mlogging[0m:[36mcallHandlers[0m:[36m1737[0m - [34m[1mexecuting functools.partial(<built-in method close of sqlite3.Cursor object at 0x000001FD55AFC5C0>)[0m
[32m2026-07-25 04:24:38[0m | [34m[1mDEBUG   [0m | [36mlogging[0m:[36mcallHandlers[0m:[36m1737[0m - [34m[1moperation functools.partial(<built-in method close of sqlite3.Cursor object at 0x000001FD55AFC5C0>) completed[0m
[32m2026-07-25 04:24:38[0m | [34m[1mDEBUG   [0m | [36mlogging[0m:[36mcallHandlers[0m:[36m1737[0m - [34m[1mexecuting functools.partial(<built-in method cursor of sqlite3.Connection object at 0x000001FD5535FE20>)[0m
[32m2026-07-25 04:24:38[0m | [34m[1mDEBUG   [0m | [36mlogging[0m:[36mcallHandlers[0m:[36m1737[0m - [34m[1moperation functools.partial(<built-in method cursor of sqlite3.Connection object at 0x000001FD5535FE20>) completed[0m
[32m2026-07-25 04:24:38[0m | [34m[1mDEBUG   [0m | [36mlogging[0m:[36mcallHandlers[0m:[36m1737[0m - [34m[1mexecuting functools.partial(<built-in method execute of sqlite3.Cursor object at 0x000001FD55AFC240>, '\nDROP TABLE user_wallets', ())[0m
[32m2026-07-25 04:24:38[0m | [34m[1mDEBUG   [0m | [36mlogging[0m:[36mcallHandlers[0m:[36m1737[0m - [34m[1moperation functools.partial(<built-in method execute of sqlite3.Cursor object at 0x000001FD55AFC240>, '\nDROP TABLE user_wallets', ()) completed[0m
[32m2026-07-25 04:24:38[0m | [34m[1mDEBUG   [0m | [36mlogging[0m:[36mcallHandlers[0m:[36m1737[0m - [34m[1mexecuting functools.partial(<built-in method close of sqlite3.Cursor object at 0x000001FD55AFC240>)[0m
[32m2026-07-25 04:24:38[0m | [34m[1mDEBUG   [0m | [36mlogging[0m:[36mcallHandlers[0m:[36m1737[0m - [34m[1moperation functools.partial(<built-in method close of sqlite3.Cursor object at 0x000001FD55AFC240>) completed[0m
[32m2026-07-25 04:24:38[0m | [34m[1mDEBUG   [0m | [36mlogging[0m:[36mcallHandlers[0m:[36m1737[0m - [34m[1mexecuting functools.partial(<built-in method cursor of sqlite3.Connection object at 0x000001FD5535FE20>)[0m
[32m2026-07-25 04:24:38[0m | [34m[1mDEBUG   [0m | [36mlogging[0m:[36mcallHandlers[0m:[36m1737[0m - [34m[1moperation functools.partial(<built-in method cursor of sqlite3.Connection object at 0x000001FD5535FE20>) completed[0m
[32m2026-07-25 04:24:38[0m | [34m[1mDEBUG   [0m | [36mlogging[0m:[36mcallHandlers[0m:[36m1737[0m - [34m[1mexecuting functools.partial(<built-in method execute of sqlite3.Cursor object at 0x000001FD55AFC340>, '\nDROP TABLE breeding_pools', ())[0m
[32m2026-07-25 04:24:38[0m | [34m[1mDEBUG   [0m | [36mlogging[0m:[36mcallHandlers[0m:[36m1737[0m - [34m[1moperation functools.partial(<built-in method execute of sqlite3.Cursor object at 0x000001FD55AFC340>, '\nDROP TABLE breeding_pools', ()) completed[0m
[32m2026-07-25 04:24:38[0m | [34m[1mDEBUG   [0m | [36mlogging[0m:[36mcallHandlers[0m:[36m1737[0m - [34m[1mexecuting functools.partial(<built-in method close of sqlite3.Cursor object at 0x000001FD55AFC340>)[0m
[32m2026-07-25 04:24:38[0m | [34m[1mDEBUG   [0m | [36mlogging[0m:[36mcallHandlers[0m:[36m1737[0m - [34m[1moperation functools.partial(<built-in method close of sqlite3.Cursor object at 0x000001FD55AFC340>) completed[0m
[32m2026-07-25 04:24:38[0m | [34m[1mDEBUG   [0m | [36mlogging[0m:[36mcallHandlers[0m:[36m1737[0m - [34m[1mexecuting functools.partial(<built-in method cursor of sqlite3.Connection object at 0x000001FD5535FE20>)[0m
[32m2026-07-25 04:24:38[0m | [34m[1mDEBUG   [0m | [36mlogging[0m:[36mcallHandlers[0m:[36m1737[0m - [34m[1moperation functools.partial(<built-in method cursor of sqlite3.Connection object at 0x000001FD5535FE20>) completed[0m
[32m2026-07-25 04:24:38[0m | [34m[1mDEBUG   [0m | [36mlogging[0m:[36mcallHandlers[0m:[36m1737[0m - [34m[1mexecuting functools.partial(<built-in method execute of sqlite3.Cursor object at 0x000001FD557914C0>, '\nDROP TABLE weakest_link_reports', ())[0m
[32m2026-07-25 04:24:38[0m | [34m[1mDEBUG   [0m | [36mlogging[0m:[36mcallHandlers[0m:[36m1737[0m - [34m[1moperation functools.partial(<built-in method execute of sqlite3.Cursor object at 0x000001FD557914C0>, '\nDROP TABLE weakest_link_reports', ()) completed[0m
[32m2026-07-25 04:24:38[0m | [34m[1mDEBUG   [0m | [36mlogging[0m:[36mcallHandlers[0m:[36m1737[0m - [34m[1mexecuting functools.partial(<built-in method close of sqlite3.Cursor object at 0x000001FD557914C0>)[0m
[32m2026-07-25 04:24:38[0m | [34m[1mDEBUG   [0m | [36mlogging[0m:[36mcallHandlers[0m:[36m1737[0m - [34m[1moperation functools.partial(<built-in method close of sqlite3.Cursor object at 0x000001FD557914C0>) completed[0m
[32m2026-07-25 04:24:38[0m | [34m[1mDEBUG   [0m | [36mlogging[0m:[36mcallHandlers[0m:[36m1737[0m - [34m[1mexecuting functools.partial(<built-in method cursor of sqlite3.Connection object at 0x000001FD5535FE20>)[0m
[32m2026-07-25 04:24:38[0m | [34m[1mDEBUG   [0m | [36mlogging[0m:[36mcallHandlers[0m:[36m1737[0m - [34m[1moperation functools.partial(<built-in method cursor of sqlite3.Connection object at 0x000001FD5535FE20>) completed[0m
[32m2026-07-25 04:24:38[0m | [34m[1mDEBUG   [0m | [36mlogging[0m:[36mcallHandlers[0m:[36m1737[0m - [34m[1mexecuting functools.partial(<built-in method execute of sqlite3.Cursor object at 0x000001FD55AFC2C0>, '\nDROP TABLE performance_metrics', ())[0m
[32m2026-07-25 04:24:38[0m | [34m[1mDEBUG   [0m | [36mlogging[0m:[36mcallHandlers[0m:[36m1737[0m - [34m[1moperation functools.partial(<built-in method execute of sqlite3.Cursor object at 0x000001FD55AFC2C0>, '\nDROP TABLE performance_metrics', ()) completed[0m
[32m2026-07-25 04:24:38[0m | [34m[1mDEBUG   [0m | [36mlogging[0m:[36mcallHandlers[0m:[36m1737[0m - [34m[1mexecuting functools.partial(<built-in method close of sqlite3.Cursor object at 0x000001FD55AFC2C0>)[0m
[32m2026-07-25 04:24:38[0m | [34m[1mDEBUG   [0m | [36mlogging[0m:[36mcallHandlers[0m:[36m1737[0m - [34m[1moperation functools.partial(<built-in method close of sqlite3.Cursor object at 0x000001FD55AFC2C0>) completed[0m
[32m2026-07-25 04:24:38[0m | [34m[1mDEBUG   [0m | [36mlogging[0m:[36mcallHandlers[0m:[36m1737[0m - [34m[1mexecuting functools.partial(<built-in method cursor of sqlite3.Connection object at 0x000001FD5535FE20>)[0m
[32m2026-07-25 04:24:38[0m | [34m[1mDEBUG   [0m | [36mlogging[0m:[36mcallHandlers[0m:[36m1737[0m - [34m[1moperation functools.partial(<built-in method cursor of sqlite3.Connection object at 0x000001FD5535FE20>) completed[0m
[32m2026-07-25 04:24:38[0m | [34m[1mDEBUG   [0m | [36mlogging[0m:[36mcallHandlers[0m:[36m1737[0m - [34m[1mexecuting functools.partial(<built-in method execute of sqlite3.Cursor object at 0x000001FD5594B1C0>, '\nDROP TABLE agent_genomes', ())[0m
[32m2026-07-25 04:24:38[0m | [34m[1mDEBUG   [0m | [36mlogging[0m:[36mcallHandlers[0m:[36m1737[0m - [34m[1moperation functools.partial(<built-in method execute of sqlite3.Cursor object at 0x000001FD5594B1C0>, '\nDROP TABLE agent_genomes', ()) completed[0m
[32m2026-07-25 04:24:38[0m | [34m[1mDEBUG   [0m | [36mlogging[0m:[36mcallHandlers[0m:[36m1737[0m - [34m[1mexecuting functools.partial(<built-in method close of sqlite3.Cursor object at 0x000001FD5594B1C0>)[0m
[32m2026-07-25 04:24:38[0m | [34m[1mDEBUG   [0m | [36mlogging[0m:[36mcallHandlers[0m:[36m1737[0m - [34m[1moperation functools.partial(<built-in method close of sqlite3.Cursor object at 0x000001FD5594B1C0>) completed[0m
[32m2026-07-25 04:24:38[0m | [34m[1mDEBUG   [0m | [36mlogging[0m:[36mcallHandlers[0m:[36m1737[0m - [34m[1mexecuting functools.partial(<built-in method cursor of sqlite3.Connection object at 0x000001FD5535FE20>)[0m
[32m2026-07-25 04:24:38[0m | [34m[1mDEBUG   [0m | [36mlogging[0m:[36mcallHandlers[0m:[36m1737[0m - [34m[1moperation functools.partial(<built-in method cursor of sqlite3.Connection object at 0x000001FD5535FE20>) completed[0m
[32m2026-07-25 04:24:38[0m | [34m[1mDEBUG   [0m | [36mlogging[0m:[36mcallHandlers[0m:[36m1737[0m - [34m[1mexecuting functools.partial(<built-in method execute of sqlite3.Cursor object at 0x000001FD5594ADC0>, '\nDROP TABLE performance_alerts', ())[0m
[32m2026-07-25 04:24:38[0m | [34m[1mDEBUG   [0m | [36mlogging[0m:[36mcallHandlers[0m:[36m1737[0m - [34m[1moperation functools.partial(<built-in method execute of sqlite3.Cursor object at 0x000001FD5594ADC0>, '\nDROP TABLE performance_alerts', ()) completed[0m
[32m2026-07-25 04:24:38[0m | [34m[1mDEBUG   [0m | [36mlogging[0m:[36mcallHandlers[0m:[36m1737[0m - [34m[1mexecuting functools.partial(<built-in method close of sqlite3.Cursor object at 0x000001FD5594ADC0>)[0m
[32m2026-07-25 04:24:38[0m | [34m[1mDEBUG   [0m | [36mlogging[0m:[36mcallHandlers[0m:[36m1737[0m - [34m[1moperation functools.partial(<built-in method close of sqlite3.Cursor object at 0x000001FD5594ADC0>) completed[0m
[32m2026-07-25 04:24:38[0m | [34m[1mDEBUG   [0m | [36mlogging[0m:[36mcallHandlers[0m:[36m1737[0m - [34m[1mexecuting functools.partial(<built-in method cursor of sqlite3.Connection object at 0x000001FD5535FE20>)[0m
[32m2026-07-25 04:24:38[0m | [34m[1mDEBUG   [0m | [36mlogging[0m:[36mcallHandlers[0m:[36m1737[0m - [34m[1moperation functools.partial(<built-in method cursor of sqlite3.Connection object at 0x000001FD5535FE20>) completed[0m
[32m2026-07-25 04:24:38[0m | [34m[1mDEBUG   [0m | [36mlogging[0m:[36mcallHandlers[0m:[36m1737[0m - [34m[1mexecuting functools.partial(<built-in method execute of sqlite3.Cursor object at 0x000001FD5594B240>, '\nDROP TABLE agent_performance_logs', ())[0m
[32m2026-07-25 04:24:38[0m | [34m[1mDEBUG   [0m | [36mlogging[0m:[36mcallHandlers[0m:[36m1737[0m - [34m[1moperation functools.partial(<built-in method execute of sqlite3.Cursor object at 0x000001FD5594B240>, '\nDROP TABLE agent_performance_logs', ()) completed[0m
[32m2026-07-25 04:24:38[0m | [34m[1mDEBUG   [0m | [36mlogging[0m:[36mcallHandlers[0m:[36m1737[0m - [34m[1mexecuting functools.partial(<built-in method close of sqlite3.Cursor object at 0x000001FD5594B240>)[0m
[32m2026-07-25 04:24:38[0m | [34m[1mDEBUG   [0m | [36mlogging[0m:[36mcallHandlers[0m:[36m1737[0m - [34m[1moperation functools.partial(<built-in method close of sqlite3.Cursor object at 0x000001FD5594B240>) completed[0m
[32m2026-07-25 04:24:38[0m | [34m[1mDEBUG   [0m | [36mlogging[0m:[36mcallHandlers[0m:[36m1737[0m - [34m[1mexecuting functools.partial(<built-in method cursor of sqlite3.Connection object at 0x000001FD5535FE20>)[0m
[32m2026-07-25 04:24:38[0m | [34m[1mDEBUG   [0m | [36mlogging[0m:[36mcallHandlers[0m:[36m1737[0m - [34m[1moperation functools.partial(<built-in method cursor of sqlite3.Connection object at 0x000001FD5535FE20>) completed[0m
[32m2026-07-25 04:24:38[0m | [34m[1mDEBUG   [0m | [36mlogging[0m:[36mcallHandlers[0m:[36m1737[0m - [34m[1mexecuting functools.partial(<built-in method execute of sqlite3.Cursor object at 0x000001FD5594A540>, '\nDROP TABLE code_proposals', ())[0m
[32m2026-07-25 04:24:38[0m | [34m[1mDEBUG   [0m | [36mlogging[0m:[36mcallHandlers[0m:[36m1737[0m - [34m[1moperation functools.partial(<built-in method execute of sqlite3.Cursor object at 0x000001FD5594A540>, '\nDROP TABLE code_proposals', ()) completed[0m
[32m2026-07-25 04:24:38[0m | [34m[1mDEBUG   [0m | [36mlogging[0m:[36mcallHandlers[0m:[36m1737[0m - [34m[1mexecuting functools.partial(<built-in method close of sqlite3.Cursor object at 0x000001FD5594A540>)[0m
[32m2026-07-25 04:24:38[0m | [34m[1mDEBUG   [0m | [36mlogging[0m:[36mcallHandlers[0m:[36m1737[0m - [34m[1moperation functools.partial(<built-in method close of sqlite3.Cursor object at 0x000001FD5594A540>) completed[0m
[32m2026-07-25 04:24:38[0m | [34m[1mDEBUG   [0m | [36mlogging[0m:[36mcallHandlers[0m:[36m1737[0m - [34m[1mexecuting functools.partial(<built-in method cursor of sqlite3.Connection object at 0x000001FD5535FE20>)[0m
[32m2026-07-25 04:24:38[0m | [34m[1mDEBUG   [0m | [36mlogging[0m:[36mcallHandlers[0m:[36m1737[0m - [34m[1moperation functools.partial(<built-in method cursor of sqlite3.Connection object at 0x000001FD5535FE20>) completed[0m
[32m2026-07-25 04:24:38[0m | [34m[1mDEBUG   [0m | [36mlogging[0m:[36mcallHandlers[0m:[36m1737[0m - [34m[1mexecuting functools.partial(<built-in method execute of sqlite3.Cursor object at 0x000001FD5594AA40>, '\nDROP TABLE skill_fitness', ())[0m
[32m2026-07-25 04:24:38[0m | [34m[1mDEBUG   [0m | [36mlogging[0m:[36mcallHandlers[0m:[36m1737[0m - [34m[1moperation functools.partial(<built-in method execute of sqlite3.Cursor object at 0x000001FD5594AA40>, '\nDROP TABLE skill_fitness', ()) completed[0m
[32m2026-07-25 04:24:38[0m | [34m[1mDEBUG   [0m | [36mlogging[0m:[36mcallHandlers[0m:[36m1737[0m - [34m[1mexecuting functools.partial(<built-in method close of sqlite3.Cursor object at 0x000001FD5594AA40>)[0m
[32m2026-07-25 04:24:38[0m | [34m[1mDEBUG   [0m | [36mlogging[0m:[36mcallHandlers[0m:[36m1737[0m - [34m[1moperation functools.partial(<built-in method close of sqlite3.Cursor object at 0x000001FD5594AA40>) completed[0m
[32m2026-07-25 04:24:38[0m | [34m[1mDEBUG   [0m | [36mlogging[0m:[36mcallHandlers[0m:[36m1737[0m - [34m[1mexecuting functools.partial(<built-in method cursor of sqlite3.Connection object at 0x000001FD5535FE20>)[0m
[32m2026-07-25 04:24:38[0m | [34m[1mDEBUG   [0m | [36mlogging[0m:[36mcallHandlers[0m:[36m1737[0m - [34m[1moperation functools.partial(<built-in method cursor of sqlite3.Connection object at 0x000001FD5535FE20>) completed[0m
[32m2026-07-25 04:24:38[0m | [34m[1mDEBUG   [0m | [36mlogging[0m:[36mcallHandlers[0m:[36m1737[0m - [34m[1mexecuting functools.partial(<built-in method execute of sqlite3.Cursor object at 0x000001FD55949940>, '\nDROP TABLE patch_telemetry', ())[0m
[32m2026-07-25 04:24:38[0m | [34m[1mDEBUG   [0m | [36mlogging[0m:[36mcallHandlers[0m:[36m1737[0m - [34m[1moperation functools.partial(<built-in method execute of sqlite3.Cursor object at 0x000001FD55949940>, '\nDROP TABLE patch_telemetry', ()) completed[0m
[32m2026-07-25 04:24:38[0m | [34m[1mDEBUG   [0m | [36mlogging[0m:[36mcallHandlers[0m:[36m1737[0m - [34m[1mexecuting functools.partial(<built-in method close of sqlite3.Cursor object at 0x000001FD55949940>)[0m
[32m2026-07-25 04:24:38[0m | [34m[1mDEBUG   [0m | [36mlogging[0m:[36mcallHandlers[0m:[36m1737[0m - [34m[1moperation functools.partial(<built-in method close of sqlite3.Cursor object at 0x000001FD55949940>) completed[0m
[32m2026-07-25 04:24:38[0m | [34m[1mDEBUG   [0m | [36mlogging[0m:[36mcallHandlers[0m:[36m1737[0m - [34m[1mexecuting functools.partial(<built-in method cursor of sqlite3.Connection object at 0x000001FD5535FE20>)[0m
[32m2026-07-25 04:24:38[0m | [34m[1mDEBUG   [0m | [36mlogging[0m:[36mcallHandlers[0m:[36m1737[0m - [34m[1moperation functools.partial(<built-in method cursor of sqlite3.Connection object at 0x000001FD5535FE20>) completed[0m
[32m2026-07-25 04:24:38[0m | [34m[1mDEBUG   [0m | [36mlogging[0m:[36mcallHandlers[0m:[36m1737[0m - [34m[1mexecuting functools.partial(<built-in method execute of sqlite3.Cursor object at 0x000001FD5594ACC0>, '\nDROP TABLE integrations', ())[0m
[32m2026-07-25 04:24:38[0m | [34m[1mDEBUG   [0m | [36mlogging[0m:[36mcallHandlers[0m:[36m1737[0m - [34m[1moperation functools.partial(<built-in method execute of sqlite3.Cursor object at 0x000001FD5594ACC0>, '\nDROP TABLE integrations', ()) completed[0m
[32m2026-07-25 04:24:38[0m | [34m[1mDEBUG   [0m | [36mlogging[0m:[36mcallHandlers[0m:[36m1737[0m - [34m[1mexecuting functools.partial(<built-in method close of sqlite3.Cursor object at 0x000001FD5594ACC0>)[0m
[32m2026-07-25 04:24:38[0m | [34m[1mDEBUG   [0m | [36mlogging[0m:[36mcallHandlers[0m:[36m1737[0m - [34m[1moperation functools.partial(<built-in method close of sqlite3.Cursor object at 0x000001FD5594ACC0>) completed[0m
[32m2026-07-25 04:24:38[0m | [34m[1mDEBUG   [0m | [36mlogging[0m:[36mcallHandlers[0m:[36m1737[0m - [34m[1mexecuting functools.partial(<built-in method cursor of sqlite3.Connection object at 0x000001FD5535FE20>)[0m
[32m2026-07-25 04:24:38[0m | [34m[1mDEBUG   [0m | [36mlogging[0m:[36mcallHandlers[0m:[36m1737[0m - [34m[1moperation functools.partial(<built-in method cursor of sqlite3.Connection object at 0x000001FD5535FE20>) completed[0m
[32m2026-07-25 04:24:38[0m | [34m[1mDEBUG   [0m | [36mlogging[0m:[36mcallHandlers[0m:[36m1737[0m - [34m[1mexecuting functools.partial(<built-in method execute of sqlite3.Cursor object at 0x000001FD5594A6C0>, '\nDROP TABLE system_incidents', ())[0m
[32m2026-07-25 04:24:38[0m | [34m[1mDEBUG   [0m | [36mlogging[0m:[36mcallHandlers[0m:[36m1737[0m - [34m[1moperation functools.partial(<built-in method execute of sqlite3.Cursor object at 0x000001FD5594A6C0>, '\nDROP TABLE system_incidents', ()) completed[0m
[32m2026-07-25 04:24:38[0m | [34m[1mDEBUG   [0m | [36mlogging[0m:[36mcallHandlers[0m:[36m1737[0m - [34m[1mexecuting functools.partial(<built-in method close of sqlite3.Cursor object at 0x000001FD5594A6C0>)[0m
[32m2026-07-25 04:24:38[0m | [34m[1mDEBUG   [0m | [36mlogging[0m:[36mcallHandlers[0m:[36m1737[0m - [34m[1moperation functools.partial(<built-in method close of sqlite3.Cursor object at 0x000001FD5594A6C0>) completed[0m
[32m2026-07-25 04:24:38[0m | [34m[1mDEBUG   [0m | [36mlogging[0m:[36mcallHandlers[0m:[36m1737[0m - [34m[1mexecuting functools.partial(<built-in method cursor of sqlite3.Connection object at 0x000001FD5535FE20>)[0m
[32m2026-07-25 04:24:38[0m | [34m[1mDEBUG   [0m | [36mlogging[0m:[36mcallHandlers[0m:[36m1737[0m - [34m[1moperation functools.partial(<built-in method cursor of sqlite3.Connection object at 0x000001FD5535FE20>) completed[0m
[32m2026-07-25 04:24:38[0m | [34m[1mDEBUG   [0m | [36mlogging[0m:[36mcallHandlers[0m:[36m1737[0m - [34m[1mexecuting functools.partial(<built-in method execute of sqlite3.Cursor object at 0x000001FD5594A940>, '\nDROP TABLE api_endpoints', ())[0m
[32m2026-07-25 04:24:38[0m | [34m[1mDEBUG   [0m | [36mlogging[0m:[36mcallHandlers[0m:[36m1737[0m - [34m[1moperation functools.partial(<built-in method execute of sqlite3.Cursor object at 0x000001FD5594A940>, '\nDROP TABLE api_endpoints', ()) completed[0m
[32m2026-07-25 04:24:38[0m | [34m[1mDEBUG   [0m | [36mlogging[0m:[36mcallHandlers[0m:[36m1737[0m - [34m[1mexecuting functools.partial(<built-in method close of sqlite3.Cursor object at 0x000001FD5594A940>)[0m
[32m2026-07-25 04:24:38[0m | [34m[1mDEBUG   [0m | [36mlogging[0m:[36mcallHandlers[0m:[36m1737[0m - [34m[1moperation functools.partial(<built-in method close of sqlite3.Cursor object at 0x000001FD5594A940>) completed[0m
[32m2026-07-25 04:24:38[0m | [34m[1mDEBUG   [0m | [36mlogging[0m:[36mcallHandlers[0m:[36m1737[0m - [34m[1mexecuting functools.partial(<built-in method cursor of sqlite3.Connection object at 0x000001FD5535FE20>)[0m
[32m2026-07-25 04:24:38[0m | [34m[1mDEBUG   [0m | [36mlogging[0m:[36mcallHandlers[0m:[36m1737[0m - [34m[1moperation functools.partial(<built-in method cursor of sqlite3.Connection object at 0x000001FD5535FE20>) completed[0m
[32m2026-07-25 04:24:38[0m | [34m[1mDEBUG   [0m | [36mlogging[0m:[36mcallHandlers[0m:[36m1737[0m - [34m[1mexecuting functools.partial(<built-in method execute of sqlite3.Cursor object at 0x000001FD5594B440>, '\nDROP TABLE system_dependencies', ())[0m
[32m2026-07-25 04:24:38[0m | [34m[1mDEBUG   [0m | [36mlogging[0m:[36mcallHandlers[0m:[36m1737[0m - [34m[1moperation functools.partial(<built-in method execute of sqlite3.Cursor object at 0x000001FD5594B440>, '\nDROP TABLE system_dependencies', ()) completed[0m
[32m2026-07-25 04:24:38[0m | [34m[1mDEBUG   [0m | [36mlogging[0m:[36mcallHandlers[0m:[36m1737[0m - [34m[1mexecuting functools.partial(<built-in method close of sqlite3.Cursor object at 0x000001FD5594B440>)[0m
[32m2026-07-25 04:24:38[0m | [34m[1mDEBUG   [0m | [36mlogging[0m:[36mcallHandlers[0m:[36m1737[0m - [34m[1moperation functools.partial(<built-in method close of sqlite3.Cursor object at 0x000001FD5594B440>) completed[0m
[32m2026-07-25 04:24:38[0m | [34m[1mDEBUG   [0m | [36mlogging[0m:[36mcallHandlers[0m:[36m1737[0m - [34m[1mexecuting functools.partial(<built-in method cursor of sqlite3.Connection object at 0x000001FD5535FE20>)[0m
[32m2026-07-25 04:24:38[0m | [34m[1mDEBUG   [0m | [36mlogging[0m:[36mcallHandlers[0m:[36m1737[0m - [34m[1moperation functools.partial(<built-in method cursor of sqlite3.Connection object at 0x000001FD5535FE20>) completed[0m
[32m2026-07-25 04:24:38[0m | [34m[1mDEBUG   [0m | [36mlogging[0m:[36mcallHandlers[0m:[36m1737[0m - [34m[1mexecuting functools.partial(<built-in method execute of sqlite3.Cursor object at 0x000001FD5594A5C0>, '\nDROP TABLE execution_chains', ())[0m
[32m2026-07-25 04:24:38[0m | [34m[1mDEBUG   [0m | [36mlogging[0m:[36mcallHandlers[0m:[36m1737[0m - [34m[1moperation functools.partial(<built-in method execute of sqlite3.Cursor object at 0x000001FD5594A5C0>, '\nDROP TABLE execution_chains', ()) completed[0m
[32m2026-07-25 04:24:38[0m | [34m[1mDEBUG   [0m | [36mlogging[0m:[36mcallHandlers[0m:[36m1737[0m - [34m[1mexecuting functools.partial(<built-in method close of sqlite3.Cursor object at 0x000001FD5594A5C0>)[0m
[32m2026-07-25 04:24:38[0m | [34m[1mDEBUG   [0m | [36mlogging[0m:[36mcallHandlers[0m:[36m1737[0m - [34m[1moperation functools.partial(<built-in method close of sqlite3.Cursor object at 0x000001FD5594A5C0>) completed[0m
[32m2026-07-25 04:24:38[0m | [34m[1mDEBUG   [0m | [36mlogging[0m:[36mcallHandlers[0m:[36m1737[0m - [34m[1mexecuting functools.partial(<built-in method cursor of sqlite3.Connection object at 0x000001FD5535FE20>)[0m
[32m2026-07-25 04:24:38[0m | [34m[1mDEBUG   [0m | [36mlogging[0m:[36mcallHandlers[0m:[36m1737[0m - [34m[1moperation functools.partial(<built-in method cursor of sqlite3.Connection object at 0x000001FD5535FE20>) completed[0m
[32m2026-07-25 04:24:38[0m | [34m[1mDEBUG   [0m | [36mlogging[0m:[36mcallHandlers[0m:[36m1737[0m - [34m[1mexecuting functools.partial(<built-in method execute of sqlite3.Cursor object at 0x000001FD5594A3C0>, '\nDROP TABLE dynamic_capabilities', ())[0m
[32m2026-07-25 04:24:38[0m | [34m[1mDEBUG   [0m | [36mlogging[0m:[36mcallHandlers[0m:[36m1737[0m - [34m[1moperation functools.partial(<built-in method execute of sqlite3.Cursor object at 0x000001FD5594A3C0>, '\nDROP TABLE dynamic_capabilities', ()) completed[0m
[32m2026-07-25 04:24:38[0m | [34m[1mDEBUG   [0m | [36mlogging[0m:[36mcallHandlers[0m:[36m1737[0m - [34m[1mexecuting functools.partial(<built-in method close of sqlite3.Cursor object at 0x000001FD5594A3C0>)[0m
[32m2026-07-25 04:24:38[0m | [34m[1mDEBUG   [0m | [36mlogging[0m:[36mcallHandlers[0m:[36m1737[0m - [34m[1moperation functools.partial(<built-in method close of sqlite3.Cursor object at 0x000001FD5594A3C0>) completed[0m
[32m2026-07-25 04:24:38[0m | [34m[1mDEBUG   [0m | [36mlogging[0m:[36mcallHandlers[0m:[36m1737[0m - [34m[1mexecuting functools.partial(<built-in method cursor of sqlite3.Connection object at 0x000001FD5535FE20>)[0m
[32m2026-07-25 04:24:38[0m | [34m[1mDEBUG   [0m | [36mlogging[0m:[36mcallHandlers[0m:[36m1737[0m - [34m[1moperation functools.partial(<built-in method cursor of sqlite3.Connection object at 0x000001FD5535FE20>) completed[0m
[32m2026-07-25 04:24:38[0m | [34m[1mDEBUG   [0m | [36mlogging[0m:[36mcallHandlers[0m:[36m1737[0m - [34m[1mexecuting functools.partial(<built-in method execute of sqlite3.Cursor object at 0x000001FD5594AE40>, '\nDROP TABLE dynamic_agents', ())[0m
[32m2026-07-25 04:24:38[0m | [34m[1mDEBUG   [0m | [36mlogging[0m:[36mcallHandlers[0m:[36m1737[0m - [34m[1moperation functools.partial(<built-in method execute of sqlite3.Cursor object at 0x000001FD5594AE40>, '\nDROP TABLE dynamic_agents', ()) completed[0m
[32m2026-07-25 04:24:38[0m | [34m[1mDEBUG   [0m | [36mlogging[0m:[36mcallHandlers[0m:[36m1737[0m - [34m[1mexecuting functools.partial(<built-in method close of sqlite3.Cursor object at 0x000001FD5594AE40>)[0m
[32m2026-07-25 04:24:38[0m | [34m[1mDEBUG   [0m | [36mlogging[0m:[36mcallHandlers[0m:[36m1737[0m - [34m[1moperation functools.partial(<built-in method close of sqlite3.Cursor object at 0x000001FD5594AE40>) completed[0m
[32m2026-07-25 04:24:38[0m | [34m[1mDEBUG   [0m | [36mlogging[0m:[36mcallHandlers[0m:[36m1737[0m - [34m[1mexecuting functools.partial(<built-in method commit of sqlite3.Connection object at 0x000001FD5535FE20>)[0m
[32m2026-07-25 04:24:38[0m | [34m[1mDEBUG   [0m | [36mlogging[0m:[36mcallHandlers[0m:[36m1737[0m - [34m[1moperation functools.partial(<built-in method commit of sqlite3.Connection object at 0x000001FD5535FE20>) completed[0m
[32m2026-07-25 04:24:38[0m | [34m[1mDEBUG   [0m | [36mlogging[0m:[36mcallHandlers[0m:[36m1737[0m - [34m[1mexecuting functools.partial(<built-in method rollback of sqlite3.Connection object at 0x000001FD5535FE20>)[0m
[32m2026-07-25 04:24:38[0m | [34m[1mDEBUG   [0m | [36mlogging[0m:[36mcallHandlers[0m:[36m1737[0m - [34m[1moperation functools.partial(<built-in method rollback of sqlite3.Connection object at 0x000001FD5535FE20>) completed[0m
---------------------------- Captured log teardown ----------------------------
DEBUG    aiosqlite:core.py:62 executing functools.partial(<built-in method cursor of sqlite3.Connection object at 0x000001FD5535FE20>)
DEBUG    aiosqlite:core.py:67 operation functools.partial(<built-in method cursor of sqlite3.Connection object at 0x000001FD5535FE20>) completed
DEBUG    aiosqlite:core.py:62 executing functools.partial(<built-in method execute of sqlite3.Cursor object at 0x000001FD55793C40>, 'PRAGMA main.table_info("dynamic_agents")', ())
DEBUG    aiosqlite:core.py:67 operation functools.partial(<built-in method execute of sqlite3.Cursor object at 0x000001FD55793C40>, 'PRAGMA main.table_info("dynamic_agents")', ()) completed
DEBUG    aiosqlite:core.py:62 executing functools.partial(<built-in method fetchall of sqlite3.Cursor object at 0x000001FD55793C40>)
DEBUG    aiosqlite:core.py:67 operation functools.partial(<built-in method fetchall of sqlite3.Cursor object at 0x000001FD55793C40>) completed
DEBUG    aiosqlite:core.py:62 executing functools.partial(<built-in method close of sqlite3.Cursor object at 0x000001FD55793C40>)
DEBUG    aiosqlite:core.py:67 operation functools.partial(<built-in method close of sqlite3.Cursor object at 0x000001FD55793C40>) completed
DEBUG    aiosqlite:core.py:62 executing functools.partial(<built-in method cursor of sqlite3.Connection object at 0x000001FD5535FE20>)
DEBUG    aiosqlite:core.py:67 operation functools.partial(<built-in method cursor of sqlite3.Connection object at 0x000001FD5535FE20>) completed
DEBUG    aiosqlite:core.py:62 executing functools.partial(<built-in method execute of sqlite3.Cursor object at 0x000001FD405C1AC0>, 'PRAGMA main.table_info("agent_reflections")', ())
DEBUG    aiosqlite:core.py:67 operation functools.partial(<built-in method execute of sqlite3.Cursor object at 0x000001FD405C1AC0>, 'PRAGMA main.table_info("agent_reflections")', ()) completed
DEBUG    aiosqlite:core.py:62 executing functools.partial(<built-in method fetchall of sqlite3.Cursor object at 0x000001FD405C1AC0>)
DEBUG    aiosqlite:core.py:67 operation functools.partial(<built-in method fetchall of sqlite3.Cursor object at 0x000001FD405C1AC0>) completed
DEBUG    aiosqlite:core.py:62 executing functools.partial(<built-in method close of sqlite3.Cursor object at 0x000001FD405C1AC0>)
DEBUG    aiosqlite:core.py:67 operation functools.partial(<built-in method close of sqlite3.Cursor object at 0x000001FD405C1AC0>) completed
DEBUG    aiosqlite:core.py:62 executing functools.partial(<built-in method cursor of sqlite3.Connection object at 0x000001FD5535FE20>)
DEBUG    aiosqlite:core.py:67 operation functools.partial(<built-in method cursor of sqlite3.Connection object at 0x000001FD5535FE20>) completed
DEBUG    aiosqlite:core.py:62 executing functools.partial(<built-in method execute of sqlite3.Cursor object at 0x000001FD55793EC0>, 'PRAGMA main.table_info("dynamic_capabilities")', ())
DEBUG    aiosqlite:core.py:67 operation functools.partial(<built-in method execute of sqlite3.Cursor object at 0x000001FD55793EC0>, 'PRAGMA main.table_info("dynamic_capabilities")', ()) completed
DEBUG    aiosqlite:core.py:62 executing functools.partial(<built-in method fetchall of sqlite3.Cursor object at 0x000001FD55793EC0>)
DEBUG    aiosqlite:core.py:67 operation functools.partial(<built-in method fetchall of sqlite3.Cursor object at 0x000001FD55793EC0>) completed
DEBUG    aiosqlite:core.py:62 executing functools.partial(<built-in method close of sqlite3.Cursor object at 0x000001FD55793EC0>)
DEBUG    aiosqlite:core.py:67 operation functools.partial(<built-in method close of sqlite3.Cursor object at 0x000001FD55793EC0>) completed
DEBUG    aiosqlite:core.py:62 executing functools.partial(<built-in method cursor of sqlite3.Connection object at 0x000001FD5535FE20>)
DEBUG    aiosqlite:core.py:67 operation functools.partial(<built-in method cursor of sqlite3.Connection object at 0x000001FD5535FE20>) completed
DEBUG    aiosqlite:core.py:62 executing functools.partial(<built-in method execute of sqlite3.Cursor object at 0x000001FD55792CC0>, 'PRAGMA main.table_info("execution_chains")', ())
DEBUG    aiosqlite:core.py:67 operation functools.partial(<built-in method execute of sqlite3.Cursor object at 0x000001FD55792CC0>, 'PRAGMA main.table_info("execution_chains")', ()) completed
DEBUG    aiosqlite:core.py:62 executing functools.partial(<built-in method fetchall of sqlite3.Cursor object at 0x000001FD55792CC0>)
DEBUG    aiosqlite:core.py:67 operation functools.partial(<built-in method fetchall of sqlite3.Cursor object at 0x000001FD55792CC0>) completed
DEBUG    aiosqlite:core.py:62 executing functools.partial(<built-in method close of sqlite3.Cursor object at 0x000001FD55792CC0>)
DEBUG    aiosqlite:core.py:67 operation functools.partial(<built-in method close of sqlite3.Cursor object at 0x000001FD55792CC0>) completed
DEBUG    aiosqlite:core.py:62 executing functools.partial(<built-in method cursor of sqlite3.Connection object at 0x000001FD5535FE20>)
DEBUG    aiosqlite:core.py:67 operation functools.partial(<built-in method cursor of sqlite3.Connection object at 0x000001FD5535FE20>) completed
DEBUG    aiosqlite:core.py:62 executing functools.partial(<built-in method execute of sqlite3.Cursor object at 0x000001FD559055C0>, 'PRAGMA main.table_info("system_dependencies")', ())
DEBUG    aiosqlite:core.py:67 operation functools.partial(<built-in method execute of sqlite3.Cursor object at 0x000001FD559055C0>, 'PRAGMA main.table_info("system_dependencies")', ()) completed
DEBUG    aiosqlite:core.py:62 executing functools.partial(<built-in method fetchall of sqlite3.Cursor object at 0x000001FD559055C0>)
DEBUG    aiosqlite:core.py:67 operation functools.partial(<built-in method fetchall of sqlite3.Cursor object at 0x000001FD559055C0>) completed
DEBUG    aiosqlite:core.py:62 executing functools.partial(<built-in method close of sqlite3.Cursor object at 0x000001FD559055C0>)
DEBUG    aiosqlite:core.py:67 operation functools.partial(<built-in method close of sqlite3.Cursor object at 0x000001FD559055C0>) completed
DEBUG    aiosqlite:core.py:62 executing functools.partial(<built-in method cursor of sqlite3.Connection object at 0x000001FD5535FE20>)
DEBUG    aiosqlite:core.py:67 operation functools.partial(<built-in method cursor of sqlite3.Connection object at 0x000001FD5535FE20>) completed
DEBUG    aiosqlite:core.py:62 executing functools.partial(<built-in method execute of sqlite3.Cursor object at 0x000001FD40486DC0>, 'PRAGMA main.table_info("api_endpoints")', ())
DEBUG    aiosqlite:core.py:67 operation functools.partial(<built-in method execute of sqlite3.Cursor object at 0x000001FD40486DC0>, 'PRAGMA main.table_info("api_endpoints")', ()) completed
DEBUG    aiosqlite:core.py:62 executing functools.partial(<built-in method fetchall of sqlite3.Cursor object at 0x000001FD40486DC0>)
DEBUG    aiosqlite:core.py:67 operation functools.partial(<built-in method fetchall of sqlite3.Cursor object at 0x000001FD40486DC0>) completed
DEBUG    aiosqlite:core.py:62 executing functools.partial(<built-in method close of sqlite3.Cursor object at 0x000001FD40486DC0>)
DEBUG    aiosqlite:core.py:67 operation functools.partial(<built-in method close of sqlite3.Cursor object at 0x000001FD40486DC0>) completed
DEBUG    aiosqlite:core.py:62 executing functools.partial(<built-in method cursor of sqlite3.Connection object at 0x000001FD5535FE20>)
DEBUG    aiosqlite:core.py:67 operation functools.partial(<built-in method cursor of sqlite3.Connection object at 0x000001FD5535FE20>) completed
DEBUG    aiosqlite:core.py:62 executing functools.partial(<built-in method execute of sqlite3.Cursor object at 0x000001FD40484E40>, 'PRAGMA main.table_info("system_incidents")', ())
DEBUG    aiosqlite:core.py:67 operation functools.partial(<built-in method execute of sqlite3.Cursor object at 0x000001FD40484E40>, 'PRAGMA main.table_info("system_incidents")', ()) completed
DEBUG    aiosqlite:core.py:62 executing functools.partial(<built-in method fetchall of sqlite3.Cursor object at 0x000001FD40484E40>)
DEBUG    aiosqlite:core.py:67 operation functools.partial(<built-in method fetchall of sqlite3.Cursor object at 0x000001FD40484E40>) completed
DEBUG    aiosqlite:core.py:62 executing functools.partial(<built-in method close of sqlite3.Cursor object at 0x000001FD40484E40>)
DEBUG    aiosqlite:core.py:67 operation functools.partial(<built-in method close of sqlite3.Cursor object at 0x000001FD40484E40>) completed
DEBUG    aiosqlite:core.py:62 executing functools.partial(<built-in method cursor of sqlite3.Connection object at 0x000001FD5535FE20>)
DEBUG    aiosqlite:core.py:67 operation functools.partial(<built-in method cursor of sqlite3.Connection object at 0x000001FD5535FE20>) completed
DEBUG    aiosqlite:core.py:62 executing functools.partial(<built-in method execute of sqlite3.Cursor object at 0x000001FD40485A40>, 'PRAGMA main.table_info("integrations")', ())
DEBUG    aiosqlite:core.py:67 operation functools.partial(<built-in method execute of sqlite3.Cursor object at 0x000001FD40485A40>, 'PRAGMA main.table_info("integrations")', ()) completed
DEBUG    aiosqlite:core.py:62 executing functools.partial(<built-in method fetchall of sqlite3.Cursor object at 0x000001FD40485A40>)
DEBUG    aiosqlite:core.py:67 operation functools.partial(<built-in method fetchall of sqlite3.Cursor object at 0x000001FD40485A40>) completed
DEBUG    aiosqlite:core.py:62 executing functools.partial(<built-in method close of sqlite3.Cursor object at 0x000001FD40485A40>)
DEBUG    aiosqlite:core.py:67 operation functools.partial(<built-in method close of sqlite3.Cursor object at 0x000001FD40485A40>) completed
DEBUG    aiosqlite:core.py:62 executing functools.partial(<built-in method cursor of sqlite3.Connection object at 0x000001FD5535FE20>)
DEBUG    aiosqlite:core.py:67 operation functools.partial(<built-in method cursor of sqlite3.Connection object at 0x000001FD5535FE20>) completed
DEBUG    aiosqlite:core.py:62 executing functools.partial(<built-in method execute of sqlite3.Cursor object at 0x000001FD40486EC0>, 'PRAGMA main.table_info("patch_telemetry")', ())
DEBUG    aiosqlite:core.py:67 operation functools.partial(<built-in method execute of sqlite3.Cursor object at 0x000001FD40486EC0>, 'PRAGMA main.table_info("patch_telemetry")', ()) completed
DEBUG    aiosqlite:core.py:62 executing functools.partial(<built-in method fetchall of sqlite3.Cursor object at 0x000001FD40486EC0>)
DEBUG    aiosqlite:core.py:67 operation functools.partial(<built-in method fetchall of sqlite3.Cursor object at 0x000001FD40486EC0>) completed
DEBUG    aiosqlite:core.py:62 executing functools.partial(<built-in method close of sqlite3.Cursor object at 0x000001FD40486EC0>)
DEBUG    aiosqlite:core.py:67 operation functools.partial(<built-in method close of sqlite3.Cursor object at 0x000001FD40486EC0>) completed
DEBUG    aiosqlite:core.py:62 executing functools.partial(<built-in method cursor of sqlite3.Connection object at 0x000001FD5535FE20>)
DEBUG    aiosqlite:core.py:67 operation functools.partial(<built-in method cursor of sqlite3.Connection object at 0x000001FD5535FE20>) completed
DEBUG    aiosqlite:core.py:62 executing functools.partial(<built-in method execute of sqlite3.Cursor object at 0x000001FD40486E40>, 'PRAGMA main.table_info("skill_fitness")', ())
DEBUG    aiosqlite:core.py:67 operation functools.partial(<built-in method execute of sqlite3.Cursor object at 0x000001FD40486E40>, 'PRAGMA main.table_info("skill_fitness")', ()) completed
DEBUG    aiosqlite:core.py:62 executing functools.partial(<built-in method fetchall of sqlite3.Cursor object at 0x000001FD40486E40>)
DEBUG    aiosqlite:core.py:67 operation functools.partial(<built-in method fetchall of sqlite3.Cursor object at 0x000001FD40486E40>) completed
DEBUG    aiosqlite:core.py:62 executing functools.partial(<built-in method close of sqlite3.Cursor object at 0x000001FD40486E40>)
DEBUG    aiosqlite:core.py:67 operation functools.partial(<built-in method close of sqlite3.Cursor object at 0x000001FD40486E40>) completed
DEBUG    aiosqlite:core.py:62 executing functools.partial(<built-in method cursor of sqlite3.Connection object at 0x000001FD5535FE20>)
DEBUG    aiosqlite:core.py:67 operation functools.partial(<built-in method cursor of sqlite3.Connection object at 0x000001FD5535FE20>) completed
DEBUG    aiosqlite:core.py:62 executing functools.partial(<built-in method execute of sqlite3.Cursor object at 0x000001FD55B10B40>, 'PRAGMA main.table_info("code_proposals")', ())
DEBUG    aiosqlite:core.py:67 operation functools.partial(<built-in method execute of sqlite3.Cursor object at 0x000001FD55B10B40>, 'PRAGMA main.table_info("code_proposals")', ()) completed
DEBUG    aiosqlite:core.py:62 executing functools.partial(<built-in method fetchall of sqlite3.Cursor object at 0x000001FD55B10B40>)
DEBUG    aiosqlite:core.py:67 operation functools.partial(<built-in method fetchall of sqlite3.Cursor object at 0x000001FD55B10B40>) completed
DEBUG    aiosqlite:core.py:62 executing functools.partial(<built-in method close of sqlite3.Cursor object at 0x000001FD55B10B40>)
DEBUG    aiosqlite:core.py:67 operation functools.partial(<built-in method close of sqlite3.Cursor object at 0x000001FD55B10B40>) completed
DEBUG    aiosqlite:core.py:62 executing functools.partial(<built-in method cursor of sqlite3.Connection object at 0x000001FD5535FE20>)
DEBUG    aiosqlite:core.py:67 operation functools.partial(<built-in method cursor of sqlite3.Connection object at 0x000001FD5535FE20>) completed
DEBUG    aiosqlite:core.py:62 executing functools.partial(<built-in method execute of sqlite3.Cursor object at 0x000001FD55AFCA40>, 'PRAGMA main.table_info("agent_performance_logs")', ())
DEBUG    aiosqlite:core.py:67 operation functools.partial(<built-in method execute of sqlite3.Cursor object at 0x000001FD55AFCA40>, 'PRAGMA main.table_info("agent_performance_logs")', ()) completed
DEBUG    aiosqlite:core.py:62 executing functools.partial(<built-in method fetchall of sqlite3.Cursor object at 0x000001FD55AFCA40>)
DEBUG    aiosqlite:core.py:67 operation functools.partial(<built-in method fetchall of sqlite3.Cursor object at 0x000001FD55AFCA40>) completed
DEBUG    aiosqlite:core.py:62 executing functools.partial(<built-in method close of sqlite3.Cursor object at 0x000001FD55AFCA40>)
DEBUG    aiosqlite:core.py:67 operation functools.partial(<built-in method close of sqlite3.Cursor object at 0x000001FD55AFCA40>) completed
DEBUG    aiosqlite:core.py:62 executing functools.partial(<built-in method cursor of sqlite3.Connection object at 0x000001FD5535FE20>)
DEBUG    aiosqlite:core.py:67 operation functools.partial(<built-in method cursor of sqlite3.Connection object at 0x000001FD5535FE20>) completed
DEBUG    aiosqlite:core.py:62 executing functools.partial(<built-in method execute of sqlite3.Cursor object at 0x000001FD55AFCF40>, 'PRAGMA main.table_info("performance_alerts")', ())
DEBUG    aiosqlite:core.py:67 operation functools.partial(<built-in method execute of sqlite3.Cursor object at 0x000001FD55AFCF40>, 'PRAGMA main.table_info("performance_alerts")', ()) completed
DEBUG    aiosqlite:core.py:62 executing functools.partial(<built-in method fetchall of sqlite3.Cursor object at 0x000001FD55AFCF40>)
DEBUG    aiosqlite:core.py:67 operation functools.partial(<built-in method fetchall of sqlite3.Cursor object at 0x000001FD55AFCF40>) completed
DEBUG    aiosqlite:core.py:62 executing functools.partial(<built-in method close of sqlite3.Cursor object at 0x000001FD55AFCF40>)
DEBUG    aiosqlite:core.py:67 operation functools.partial(<built-in method close of sqlite3.Cursor object at 0x000001FD55AFCF40>) completed
DEBUG    aiosqlite:core.py:62 executing functools.partial(<built-in method cursor of sqlite3.Connection object at 0x000001FD5535FE20>)
DEBUG    aiosqlite:core.py:67 operation functools.partial(<built-in method cursor of sqlite3.Connection object at 0x000001FD5535FE20>) completed
DEBUG    aiosqlite:core.py:62 executing functools.partial(<built-in method execute of sqlite3.Cursor object at 0x000001FD55AFCFC0>, 'PRAGMA main.table_info("agent_genomes")', ())
DEBUG    aiosqlite:core.py:67 operation functools.partial(<built-in method execute of sqlite3.Cursor object at 0x000001FD55AFCFC0>, 'PRAGMA main.table_info("agent_genomes")', ()) completed
DEBUG    aiosqlite:core.py:62 executing functools.partial(<built-in method fetchall of sqlite3.Cursor object at 0x000001FD55AFCFC0>)
DEBUG    aiosqlite:core.py:67 operation functools.partial(<built-in method fetchall of sqlite3.Cursor object at 0x000001FD55AFCFC0>) completed
DEBUG    aiosqlite:core.py:62 executing functools.partial(<built-in method close of sqlite3.Cursor object at 0x000001FD55AFCFC0>)
DEBUG    aiosqlite:core.py:67 operation functools.partial(<built-in method close of sqlite3.Cursor object at 0x000001FD55AFCFC0>) completed
DEBUG    aiosqlite:core.py:62 executing functools.partial(<built-in method cursor of sqlite3.Connection object at 0x000001FD5535FE20>)
DEBUG    aiosqlite:core.py:67 operation functools.partial(<built-in method cursor of sqlite3.Connection object at 0x000001FD5535FE20>) completed
DEBUG    aiosqlite:core.py:62 executing functools.partial(<built-in method execute of sqlite3.Cursor object at 0x000001FD55AFC640>, 'PRAGMA main.table_info("agent_offspring")', ())
DEBUG    aiosqlite:core.py:67 operation functools.partial(<built-in method execute of sqlite3.Cursor object at 0x000001FD55AFC640>, 'PRAGMA main.table_info("agent_offspring")', ()) completed
DEBUG    aiosqlite:core.py:62 executing functools.partial(<built-in method fetchall of sqlite3.Cursor object at 0x000001FD55AFC640>)
DEBUG    aiosqlite:core.py:67 operation functools.partial(<built-in method fetchall of sqlite3.Cursor object at 0x000001FD55AFC640>) completed
DEBUG    aiosqlite:core.py:62 executing functools.partial(<built-in method close of sqlite3.Cursor object at 0x000001FD55AFC640>)
DEBUG    aiosqlite:core.py:67 operation functools.partial(<built-in method close of sqlite3.Cursor object at 0x000001FD55AFC640>) completed
DEBUG    aiosqlite:core.py:62 executing functools.partial(<built-in method cursor of sqlite3.Connection object at 0x000001FD5535FE20>)
DEBUG    aiosqlite:core.py:67 operation functools.partial(<built-in method cursor of sqlite3.Connection object at 0x000001FD5535FE20>) completed
DEBUG    aiosqlite:core.py:62 executing functools.partial(<built-in method execute of sqlite3.Cursor object at 0x000001FD55AFC6C0>, 'PRAGMA main.table_info("performance_metrics")', ())
DEBUG    aiosqlite:core.py:67 operation functools.partial(<built-in method execute of sqlite3.Cursor object at 0x000001FD55AFC6C0>, 'PRAGMA main.table_info("performance_metrics")', ()) completed
DEBUG    aiosqlite:core.py:62 executing functools.partial(<built-in method fetchall of sqlite3.Cursor object at 0x000001FD55AFC6C0>)
DEBUG    aiosqlite:core.py:67 operation functools.partial(<built-in method fetchall of sqlite3.Cursor object at 0x000001FD55AFC6C0>) completed
DEBUG    aiosqlite:core.py:62 executing functools.partial(<built-in method close of sqlite3.Cursor object at 0x000001FD55AFC6C0>)
DEBUG    aiosqlite:core.py:67 operation functools.partial(<built-in method close of sqlite3.Cursor object at 0x000001FD55AFC6C0>) completed
DEBUG    aiosqlite:core.py:62 executing functools.partial(<built-in method cursor of sqlite3.Connection object at 0x000001FD5535FE20>)
DEBUG    aiosqlite:core.py:67 operation functools.partial(<built-in method cursor of sqlite3.Connection object at 0x000001FD5535FE20>) completed
DEBUG    aiosqlite:core.py:62 executing functools.partial(<built-in method execute of sqlite3.Cursor object at 0x000001FD55AFD0C0>, 'PRAGMA main.table_info("weakest_link_reports")', ())
DEBUG    aiosqlite:core.py:67 operation functools.partial(<built-in method execute of sqlite3.Cursor object at 0x000001FD55AFD0C0>, 'PRAGMA main.table_info("weakest_link_reports")', ()) completed
DEBUG    aiosqlite:core.py:62 executing functools.partial(<built-in method fetchall of sqlite3.Cursor object at 0x000001FD55AFD0C0>)
DEBUG    aiosqlite:core.py:67 operation functools.partial(<built-in method fetchall of sqlite3.Cursor object at 0x000001FD55AFD0C0>) completed
DEBUG    aiosqlite:core.py:62 executing functools.partial(<built-in method close of sqlite3.Cursor object at 0x000001FD55AFD0C0>)
DEBUG    aiosqlite:core.py:67 operation functools.partial(<built-in method close of sqlite3.Cursor object at 0x000001FD55AFD0C0>) completed
DEBUG    aiosqlite:core.py:62 executing functools.partial(<built-in method cursor of sqlite3.Connection object at 0x000001FD5535FE20>)
DEBUG    aiosqlite:core.py:67 operation functools.partial(<built-in method cursor of sqlite3.Connection object at 0x000001FD5535FE20>) completed
DEBUG    aiosqlite:core.py:62 executing functools.partial(<built-in method execute of sqlite3.Cursor object at 0x000001FD403D84C0>, 'PRAGMA main.table_info("breeding_pools")', ())
DEBUG    aiosqlite:core.py:67 operation functools.partial(<built-in method execute of sqlite3.Cursor object at 0x000001FD403D84C0>, 'PRAGMA main.table_info("breeding_pools")', ()) completed
DEBUG    aiosqlite:core.py:62 executing functools.partial(<built-in method fetchall of sqlite3.Cursor object at 0x000001FD403D84C0>)
DEBUG    aiosqlite:core.py:67 operation functools.partial(<built-in method fetchall of sqlite3.Cursor object at 0x000001FD403D84C0>) completed
DEBUG    aiosqlite:core.py:62 executing functools.partial(<built-in method close of sqlite3.Cursor object at 0x000001FD403D84C0>)
DEBUG    aiosqlite:core.py:67 operation functools.partial(<built-in method close of sqlite3.Cursor object at 0x000001FD403D84C0>) completed
DEBUG    aiosqlite:core.py:62 executing functools.partial(<built-in method cursor of sqlite3.Connection object at 0x000001FD5535FE20>)
DEBUG    aiosqlite:core.py:67 operation functools.partial(<built-in method cursor of sqlite3.Connection object at 0x000001FD5535FE20>) completed
DEBUG    aiosqlite:core.py:62 executing functools.partial(<built-in method execute of sqlite3.Cursor object at 0x000001FD55AFC0C0>, 'PRAGMA main.table_info("user_wallets")', ())
DEBUG    aiosqlite:core.py:67 operation functools.partial(<built-in method execute of sqlite3.Cursor object at 0x000001FD55AFC0C0>, 'PRAGMA main.table_info("user_wallets")', ()) completed
DEBUG    aiosqlite:core.py:62 executing functools.partial(<built-in method fetchall of sqlite3.Cursor object at 0x000001FD55AFC0C0>)
DEBUG    aiosqlite:core.py:67 operation functools.partial(<built-in method fetchall of sqlite3.Cursor object at 0x000001FD55AFC0C0>) completed
DEBUG    aiosqlite:core.py:62 executing functools.partial(<built-in method close of sqlite3.Cursor object at 0x000001FD55AFC0C0>)
DEBUG    aiosqlite:core.py:67 operation functools.partial(<built-in method close of sqlite3.Cursor object at 0x000001FD55AFC0C0>) completed
DEBUG    aiosqlite:core.py:62 executing functools.partial(<built-in method cursor of sqlite3.Connection object at 0x000001FD5535FE20>)
DEBUG    aiosqlite:core.py:67 operation functools.partial(<built-in method cursor of sqlite3.Connection object at 0x000001FD5535FE20>) completed
DEBUG    aiosqlite:core.py:62 executing functools.partial(<built-in method execute of sqlite3.Cursor object at 0x000001FD55AFC540>, 'PRAGMA main.table_info("transaction_ledger")', ())
DEBUG    aiosqlite:core.py:67 operation functools.partial(<built-in method execute of sqlite3.Cursor object at 0x000001FD55AFC540>, 'PRAGMA main.table_info("transaction_ledger")', ()) completed
DEBUG    aiosqlite:core.py:62 executing functools.partial(<built-in method fetchall of sqlite3.Cursor object at 0x000001FD55AFC540>)
DEBUG    aiosqlite:core.py:67 operation functools.partial(<built-in method fetchall of sqlite3.Cursor object at 0x000001FD55AFC540>) completed
DEBUG    aiosqlite:core.py:62 executing functools.partial(<built-in method close of sqlite3.Cursor object at 0x000001FD55AFC540>)
DEBUG    aiosqlite:core.py:67 operation functools.partial(<built-in method close of sqlite3.Cursor object at 0x000001FD55AFC540>) completed
DEBUG    aiosqlite:core.py:62 executing functools.partial(<built-in method cursor of sqlite3.Connection object at 0x000001FD5535FE20>)
DEBUG    aiosqlite:core.py:67 operation functools.partial(<built-in method cursor of sqlite3.Connection object at 0x000001FD5535FE20>) completed
DEBUG    aiosqlite:core.py:62 executing functools.partial(<built-in method execute of sqlite3.Cursor object at 0x000001FD3F3F0F40>, '\nDROP TABLE agent_offspring', ())
DEBUG    aiosqlite:core.py:67 operation functools.partial(<built-in method execute of sqlite3.Cursor object at 0x000001FD3F3F0F40>, '\nDROP TABLE agent_offspring', ()) completed
DEBUG    aiosqlite:core.py:62 executing functools.partial(<built-in method close of sqlite3.Cursor object at 0x000001FD3F3F0F40>)
DEBUG    aiosqlite:core.py:67 operation functools.partial(<built-in method close of sqlite3.Cursor object at 0x000001FD3F3F0F40>) completed
DEBUG    aiosqlite:core.py:62 executing functools.partial(<built-in method cursor of sqlite3.Connection object at 0x000001FD5535FE20>)
DEBUG    aiosqlite:core.py:67 operation functools.partial(<built-in method cursor of sqlite3.Connection object at 0x000001FD5535FE20>) completed
DEBUG    aiosqlite:core.py:62 executing functools.partial(<built-in method execute of sqlite3.Cursor object at 0x000001FD55AFC1C0>, '\nDROP TABLE agent_reflections', ())
DEBUG    aiosqlite:core.py:67 operation functools.partial(<built-in method execute of sqlite3.Cursor object at 0x000001FD55AFC1C0>, '\nDROP TABLE agent_reflections', ()) completed
DEBUG    aiosqlite:core.py:62 executing functools.partial(<built-in method close of sqlite3.Cursor object at 0x000001FD55AFC1C0>)
DEBUG    aiosqlite:core.py:67 operation functools.partial(<built-in method close of sqlite3.Cursor object at 0x000001FD55AFC1C0>) completed
DEBUG    aiosqlite:core.py:62 executing functools.partial(<built-in method cursor of sqlite3.Connection object at 0x000001FD5535FE20>)
DEBUG    aiosqlite:core.py:67 operation functools.partial(<built-in method cursor of sqlite3.Connection object at 0x000001FD5535FE20>) completed
DEBUG    aiosqlite:core.py:62 executing functools.partial(<built-in method execute of sqlite3.Cursor object at 0x000001FD55AFC5C0>, '\nDROP TABLE transaction_ledger', ())
DEBUG    aiosqlite:core.py:67 operation functools.partial(<built-in method execute of sqlite3.Cursor object at 0x000001FD55AFC5C0>, '\nDROP TABLE transaction_ledger', ()) completed
DEBUG    aiosqlite:core.py:62 executing functools.partial(<built-in method close of sqlite3.Cursor object at 0x000001FD55AFC5C0>)
DEBUG    aiosqlite:core.py:67 operation functools.partial(<built-in method close of sqlite3.Cursor object at 0x000001FD55AFC5C0>) completed
DEBUG    aiosqlite:core.py:62 executing functools.partial(<built-in method cursor of sqlite3.Connection object at 0x000001FD5535FE20>)
DEBUG    aiosqlite:core.py:67 operation functools.partial(<built-in method cursor of sqlite3.Connection object at 0x000001FD5535FE20>) completed
DEBUG    aiosqlite:core.py:62 executing functools.partial(<built-in method execute of sqlite3.Cursor object at 0x000001FD55AFC240>, '\nDROP TABLE user_wallets', ())
DEBUG    aiosqlite:core.py:67 operation functools.partial(<built-in method execute of sqlite3.Cursor object at 0x000001FD55AFC240>, '\nDROP TABLE user_wallets', ()) completed
DEBUG    aiosqlite:core.py:62 executing functools.partial(<built-in method close of sqlite3.Cursor object at 0x000001FD55AFC240>)
DEBUG    aiosqlite:core.py:67 operation functools.partial(<built-in method close of sqlite3.Cursor object at 0x000001FD55AFC240>) completed
DEBUG    aiosqlite:core.py:62 executing functools.partial(<built-in method cursor of sqlite3.Connection object at 0x000001FD5535FE20>)
DEBUG    aiosqlite:core.py:67 operation functools.partial(<built-in method cursor of sqlite3.Connection object at 0x000001FD5535FE20>) completed
DEBUG    aiosqlite:core.py:62 executing functools.partial(<built-in method execute of sqlite3.Cursor object at 0x000001FD55AFC340>, '\nDROP TABLE breeding_pools', ())
DEBUG    aiosqlite:core.py:67 operation functools.partial(<built-in method execute of sqlite3.Cursor object at 0x000001FD55AFC340>, '\nDROP TABLE breeding_pools', ()) completed
DEBUG    aiosqlite:core.py:62 executing functools.partial(<built-in method close of sqlite3.Cursor object at 0x000001FD55AFC340>)
DEBUG    aiosqlite:core.py:67 operation functools.partial(<built-in method close of sqlite3.Cursor object at 0x000001FD55AFC340>) completed
DEBUG    aiosqlite:core.py:62 executing functools.partial(<built-in method cursor of sqlite3.Connection object at 0x000001FD5535FE20>)
DEBUG    aiosqlite:core.py:67 operation functools.partial(<built-in method cursor of sqlite3.Connection object at 0x000001FD5535FE20>) completed
DEBUG    aiosqlite:core.py:62 executing functools.partial(<built-in method execute of sqlite3.Cursor object at 0x000001FD557914C0>, '\nDROP TABLE weakest_link_reports', ())
DEBUG    aiosqlite:core.py:67 operation functools.partial(<built-in method execute of sqlite3.Cursor object at 0x000001FD557914C0>, '\nDROP TABLE weakest_link_reports', ()) completed
DEBUG    aiosqlite:core.py:62 executing functools.partial(<built-in method close of sqlite3.Cursor object at 0x000001FD557914C0>)
DEBUG    aiosqlite:core.py:67 operation functools.partial(<built-in method close of sqlite3.Cursor object at 0x000001FD557914C0>) completed
DEBUG    aiosqlite:core.py:62 executing functools.partial(<built-in method cursor of sqlite3.Connection object at 0x000001FD5535FE20>)
DEBUG    aiosqlite:core.py:67 operation functools.partial(<built-in method cursor of sqlite3.Connection object at 0x000001FD5535FE20>) completed
DEBUG    aiosqlite:core.py:62 executing functools.partial(<built-in method execute of sqlite3.Cursor object at 0x000001FD55AFC2C0>, '\nDROP TABLE performance_metrics', ())
DEBUG    aiosqlite:core.py:67 operation functools.partial(<built-in method execute of sqlite3.Cursor object at 0x000001FD55AFC2C0>, '\nDROP TABLE performance_metrics', ()) completed
DEBUG    aiosqlite:core.py:62 executing functools.partial(<built-in method close of sqlite3.Cursor object at 0x000001FD55AFC2C0>)
DEBUG    aiosqlite:core.py:67 operation functools.partial(<built-in method close of sqlite3.Cursor object at 0x000001FD55AFC2C0>) completed
DEBUG    aiosqlite:core.py:62 executing functools.partial(<built-in method cursor of sqlite3.Connection object at 0x000001FD5535FE20>)
DEBUG    aiosqlite:core.py:67 operation functools.partial(<built-in method cursor of sqlite3.Connection object at 0x000001FD5535FE20>) completed
DEBUG    aiosqlite:core.py:62 executing functools.partial(<built-in method execute of sqlite3.Cursor object at 0x000001FD5594B1C0>, '\nDROP TABLE agent_genomes', ())
DEBUG    aiosqlite:core.py:67 operation functools.partial(<built-in method execute of sqlite3.Cursor object at 0x000001FD5594B1C0>, '\nDROP TABLE agent_genomes', ()) completed
DEBUG    aiosqlite:core.py:62 executing functools.partial(<built-in method close of sqlite3.Cursor object at 0x000001FD5594B1C0>)
DEBUG    aiosqlite:core.py:67 operation functools.partial(<built-in method close of sqlite3.Cursor object at 0x000001FD5594B1C0>) completed
DEBUG    aiosqlite:core.py:62 executing functools.partial(<built-in method cursor of sqlite3.Connection object at 0x000001FD5535FE20>)
DEBUG    aiosqlite:core.py:67 operation functools.partial(<built-in method cursor of sqlite3.Connection object at 0x000001FD5535FE20>) completed
DEBUG    aiosqlite:core.py:62 executing functools.partial(<built-in method execute of sqlite3.Cursor object at 0x000001FD5594ADC0>, '\nDROP TABLE performance_alerts', ())
DEBUG    aiosqlite:core.py:67 operation functools.partial(<built-in method execute of sqlite3.Cursor object at 0x000001FD5594ADC0>, '\nDROP TABLE performance_alerts', ()) completed
DEBUG    aiosqlite:core.py:62 executing functools.partial(<built-in method close of sqlite3.Cursor object at 0x000001FD5594ADC0>)
DEBUG    aiosqlite:core.py:67 operation functools.partial(<built-in method close of sqlite3.Cursor object at 0x000001FD5594ADC0>) completed
DEBUG    aiosqlite:core.py:62 executing functools.partial(<built-in method cursor of sqlite3.Connection object at 0x000001FD5535FE20>)
DEBUG    aiosqlite:core.py:67 operation functools.partial(<built-in method cursor of sqlite3.Connection object at 0x000001FD5535FE20>) completed
DEBUG    aiosqlite:core.py:62 executing functools.partial(<built-in method execute of sqlite3.Cursor object at 0x000001FD5594B240>, '\nDROP TABLE agent_performance_logs', ())
DEBUG    aiosqlite:core.py:67 operation functools.partial(<built-in method execute of sqlite3.Cursor object at 0x000001FD5594B240>, '\nDROP TABLE agent_performance_logs', ()) completed
DEBUG    aiosqlite:core.py:62 executing functools.partial(<built-in method close of sqlite3.Cursor object at 0x000001FD5594B240>)
DEBUG    aiosqlite:core.py:67 operation functools.partial(<built-in method close of sqlite3.Cursor object at 0x000001FD5594B240>) completed
DEBUG    aiosqlite:core.py:62 executing functools.partial(<built-in method cursor of sqlite3.Connection object at 0x000001FD5535FE20>)
DEBUG    aiosqlite:core.py:67 operation functools.partial(<built-in method cursor of sqlite3.Connection object at 0x000001FD5535FE20>) completed
DEBUG    aiosqlite:core.py:62 executing functools.partial(<built-in method execute of sqlite3.Cursor object at 0x000001FD5594A540>, '\nDROP TABLE code_proposals', ())
DEBUG    aiosqlite:core.py:67 operation functools.partial(<built-in method execute of sqlite3.Cursor object at 0x000001FD5594A540>, '\nDROP TABLE code_proposals', ()) completed
DEBUG    aiosqlite:core.py:62 executing functools.partial(<built-in method close of sqlite3.Cursor object at 0x000001FD5594A540>)
DEBUG    aiosqlite:core.py:67 operation functools.partial(<built-in method close of sqlite3.Cursor object at 0x000001FD5594A540>) completed
DEBUG    aiosqlite:core.py:62 executing functools.partial(<built-in method cursor of sqlite3.Connection object at 0x000001FD5535FE20>)
DEBUG    aiosqlite:core.py:67 operation functools.partial(<built-in method cursor of sqlite3.Connection object at 0x000001FD5535FE20>) completed
DEBUG    aiosqlite:core.py:62 executing functools.partial(<built-in method execute of sqlite3.Cursor object at 0x000001FD5594AA40>, '\nDROP TABLE skill_fitness', ())
DEBUG    aiosqlite:core.py:67 operation functools.partial(<built-in method execute of sqlite3.Cursor object at 0x000001FD5594AA40>, '\nDROP TABLE skill_fitness', ()) completed
DEBUG    aiosqlite:core.py:62 executing functools.partial(<built-in method close of sqlite3.Cursor object at 0x000001FD5594AA40>)
DEBUG    aiosqlite:core.py:67 operation functools.partial(<built-in method close of sqlite3.Cursor object at 0x000001FD5594AA40>) completed
DEBUG    aiosqlite:core.py:62 executing functools.partial(<built-in method cursor of sqlite3.Connection object at 0x000001FD5535FE20>)
DEBUG    aiosqlite:core.py:67 operation functools.partial(<built-in method cursor of sqlite3.Connection object at 0x000001FD5535FE20>) completed
DEBUG    aiosqlite:core.py:62 executing functools.partial(<built-in method execute of sqlite3.Cursor object at 0x000001FD55949940>, '\nDROP TABLE patch_telemetry', ())
DEBUG    aiosqlite:core.py:67 operation functools.partial(<built-in method execute of sqlite3.Cursor object at 0x000001FD55949940>, '\nDROP TABLE patch_telemetry', ()) completed
DEBUG    aiosqlite:core.py:62 executing functools.partial(<built-in method close of sqlite3.Cursor object at 0x000001FD55949940>)
DEBUG    aiosqlite:core.py:67 operation functools.partial(<built-in method close of sqlite3.Cursor object at 0x000001FD55949940>) completed
DEBUG    aiosqlite:core.py:62 executing functools.partial(<built-in method cursor of sqlite3.Connection object at 0x000001FD5535FE20>)
DEBUG    aiosqlite:core.py:67 operation functools.partial(<built-in method cursor of sqlite3.Connection object at 0x000001FD5535FE20>) completed
DEBUG    aiosqlite:core.py:62 executing functools.partial(<built-in method execute of sqlite3.Cursor object at 0x000001FD5594ACC0>, '\nDROP TABLE integrations', ())
DEBUG    aiosqlite:core.py:67 operation functools.partial(<built-in method execute of sqlite3.Cursor object at 0x000001FD5594ACC0>, '\nDROP TABLE integrations', ()) completed
DEBUG    aiosqlite:core.py:62 executing functools.partial(<built-in method close of sqlite3.Cursor object at 0x000001FD5594ACC0>)
DEBUG    aiosqlite:core.py:67 operation functools.partial(<built-in method close of sqlite3.Cursor object at 0x000001FD5594ACC0>) completed
DEBUG    aiosqlite:core.py:62 executing functools.partial(<built-in method cursor of sqlite3.Connection object at 0x000001FD5535FE20>)
DEBUG    aiosqlite:core.py:67 operation functools.partial(<built-in method cursor of sqlite3.Connection object at 0x000001FD5535FE20>) completed
DEBUG    aiosqlite:core.py:62 executing functools.partial(<built-in method execute of sqlite3.Cursor object at 0x000001FD5594A6C0>, '\nDROP TABLE system_incidents', ())
DEBUG    aiosqlite:core.py:67 operation functools.partial(<built-in method execute of sqlite3.Cursor object at 0x000001FD5594A6C0>, '\nDROP TABLE system_incidents', ()) completed
DEBUG    aiosqlite:core.py:62 executing functools.partial(<built-in method close of sqlite3.Cursor object at 0x000001FD5594A6C0>)
DEBUG    aiosqlite:core.py:67 operation functools.partial(<built-in method close of sqlite3.Cursor object at 0x000001FD5594A6C0>) completed
DEBUG    aiosqlite:core.py:62 executing functools.partial(<built-in method cursor of sqlite3.Connection object at 0x000001FD5535FE20>)
DEBUG    aiosqlite:core.py:67 operation functools.partial(<built-in method cursor of sqlite3.Connection object at 0x000001FD5535FE20>) completed
DEBUG    aiosqlite:core.py:62 executing functools.partial(<built-in method execute of sqlite3.Cursor object at 0x000001FD5594A940>, '\nDROP TABLE api_endpoints', ())
DEBUG    aiosqlite:core.py:67 operation functools.partial(<built-in method execute of sqlite3.Cursor object at 0x000001FD5594A940>, '\nDROP TABLE api_endpoints', ()) completed
DEBUG    aiosqlite:core.py:62 executing functools.partial(<built-in method close of sqlite3.Cursor object at 0x000001FD5594A940>)
DEBUG    aiosqlite:core.py:67 operation functools.partial(<built-in method close of sqlite3.Cursor object at 0x000001FD5594A940>) completed
DEBUG    aiosqlite:core.py:62 executing functools.partial(<built-in method cursor of sqlite3.Connection object at 0x000001FD5535FE20>)
DEBUG    aiosqlite:core.py:67 operation functools.partial(<built-in method cursor of sqlite3.Connection object at 0x000001FD5535FE20>) completed
DEBUG    aiosqlite:core.py:62 executing functools.partial(<built-in method execute of sqlite3.Cursor object at 0x000001FD5594B440>, '\nDROP TABLE system_dependencies', ())
DEBUG    aiosqlite:core.py:67 operation functools.partial(<built-in method execute of sqlite3.Cursor object at 0x000001FD5594B440>, '\nDROP TABLE system_dependencies', ()) completed
DEBUG    aiosqlite:core.py:62 executing functools.partial(<built-in method close of sqlite3.Cursor object at 0x000001FD5594B440>)
DEBUG    aiosqlite:core.py:67 operation functools.partial(<built-in method close of sqlite3.Cursor object at 0x000001FD5594B440>) completed
DEBUG    aiosqlite:core.py:62 executing functools.partial(<built-in method cursor of sqlite3.Connection object at 0x000001FD5535FE20>)
DEBUG    aiosqlite:core.py:67 operation functools.partial(<built-in method cursor of sqlite3.Connection object at 0x000001FD5535FE20>) completed
DEBUG    aiosqlite:core.py:62 executing functools.partial(<built-in method execute of sqlite3.Cursor object at 0x000001FD5594A5C0>, '\nDROP TABLE execution_chains', ())
DEBUG    aiosqlite:core.py:67 operation functools.partial(<built-in method execute of sqlite3.Cursor object at 0x000001FD5594A5C0>, '\nDROP TABLE execution_chains', ()) completed
DEBUG    aiosqlite:core.py:62 executing functools.partial(<built-in method close of sqlite3.Cursor object at 0x000001FD5594A5C0>)
DEBUG    aiosqlite:core.py:67 operation functools.partial(<built-in method close of sqlite3.Cursor object at 0x000001FD5594A5C0>) completed
DEBUG    aiosqlite:core.py:62 executing functools.partial(<built-in method cursor of sqlite3.Connection object at 0x000001FD5535FE20>)
DEBUG    aiosqlite:core.py:67 operation functools.partial(<built-in method cursor of sqlite3.Connection object at 0x000001FD5535FE20>) completed
DEBUG    aiosqlite:core.py:62 executing functools.partial(<built-in method execute of sqlite3.Cursor object at 0x000001FD5594A3C0>, '\nDROP TABLE dynamic_capabilities', ())
DEBUG    aiosqlite:core.py:67 operation functools.partial(<built-in method execute of sqlite3.Cursor object at 0x000001FD5594A3C0>, '\nDROP TABLE dynamic_capabilities', ()) completed
DEBUG    aiosqlite:core.py:62 executing functools.partial(<built-in method close of sqlite3.Cursor object at 0x000001FD5594A3C0>)
DEBUG    aiosqlite:core.py:67 operation functools.partial(<built-in method close of sqlite3.Cursor object at 0x000001FD5594A3C0>) completed
DEBUG    aiosqlite:core.py:62 executing functools.partial(<built-in method cursor of sqlite3.Connection object at 0x000001FD5535FE20>)
DEBUG    aiosqlite:core.py:67 operation functools.partial(<built-in method cursor of sqlite3.Connection object at 0x000001FD5535FE20>) completed
DEBUG    aiosqlite:core.py:62 executing functools.partial(<built-in method execute of sqlite3.Cursor object at 0x000001FD5594AE40>, '\nDROP TABLE dynamic_agents', ())
DEBUG    aiosqlite:core.py:67 operation functools.partial(<built-in method execute of sqlite3.Cursor object at 0x000001FD5594AE40>, '\nDROP TABLE dynamic_agents', ()) completed
DEBUG    aiosqlite:core.py:62 executing functools.partial(<built-in method close of sqlite3.Cursor object at 0x000001FD5594AE40>)
DEBUG    aiosqlite:core.py:67 operation functools.partial(<built-in method close of sqlite3.Cursor object at 0x000001FD5594AE40>) completed
DEBUG    aiosqlite:core.py:62 executing functools.partial(<built-in method commit of sqlite3.Connection object at 0x000001FD5535FE20>)
DEBUG    aiosqlite:core.py:67 operation functools.partial(<built-in method commit of sqlite3.Connection object at 0x000001FD5535FE20>) completed
DEBUG    aiosqlite:core.py:62 executing functools.partial(<built-in method rollback of sqlite3.Connection object at 0x000001FD5535FE20>)
DEBUG    aiosqlite:core.py:67 operation functools.partial(<built-in method rollback of sqlite3.Connection object at 0x000001FD5535FE20>) completed
=========================== short test summary info ===========================
FAILED tests/api/test_swarm_routes.py::test_telemetry_persists_to_db_not_just_logs
!!!!!!!!!!!!!!!!!!!!!!!!!! stopping after 1 failures !!!!!!!!!!!!!!!!!!!!!!!!!!
1 failed, 56 passed, 1 skipped, 4 warnings in 19.70s
[32m2026-07-25 04:24:39[0m | [34m[1mDEBUG   [0m | [36mlogging[0m:[36mcallHandlers[0m:[36m1737[0m - [34m[1mUsing proactor: IocpProactor[0m
